Archive member included to satisfy reference by file (symbol)

C:/ST/STM32CubeIDE_1.14.1/STM32CubeIDE/plugins/com.st.stm32cube.ide.mcu.externaltools.gnu-tools-for-stm32.12.3.rel1.win32_1.0.100.202403111256/tools/bin/../lib/gcc/arm-none-eabi/12.3.1/../../../../arm-none-eabi/lib/thumb/v7e-m+fp/hard\libc_nano.a(libc_a-atoi.o)
                              ./Application/Modem/Modem.o (atoi)
C:/ST/STM32CubeIDE_1.14.1/STM32CubeIDE/plugins/com.st.stm32cube.ide.mcu.externaltools.gnu-tools-for-stm32.12.3.rel1.win32_1.0.100.202403111256/tools/bin/../lib/gcc/arm-none-eabi/12.3.1/../../../../arm-none-eabi/lib/thumb/v7e-m+fp/hard\libc_nano.a(libc_a-exit.o)
                              C:/ST/STM32CubeIDE_1.14.1/STM32CubeIDE/plugins/com.st.stm32cube.ide.mcu.externaltools.gnu-tools-for-stm32.12.3.rel1.win32_1.0.100.202403111256/tools/bin/../lib/gcc/arm-none-eabi/12.3.1/../../../../arm-none-eabi/lib/thumb/v7e-m+fp/hard/crt0.o (exit)
C:/ST/STM32CubeIDE_1.14.1/STM32CubeIDE/plugins/com.st.stm32cube.ide.mcu.externaltools.gnu-tools-for-stm32.12.3.rel1.win32_1.0.100.202403111256/tools/bin/../lib/gcc/arm-none-eabi/12.3.1/../../../../arm-none-eabi/lib/thumb/v7e-m+fp/hard\libc_nano.a(libc_a-strtol.o)
                              C:/ST/STM32CubeIDE_1.14.1/STM32CubeIDE/plugins/com.st.stm32cube.ide.mcu.externaltools.gnu-tools-for-stm32.12.3.rel1.win32_1.0.100.202403111256/tools/bin/../lib/gcc/arm-none-eabi/12.3.1/../../../../arm-none-eabi/lib/thumb/v7e-m+fp/hard\libc_nano.a(libc_a-atoi.o) (_strtol_r)
C:/ST/STM32CubeIDE_1.14.1/STM32CubeIDE/plugins/com.st.stm32cube.ide.mcu.externaltools.gnu-tools-for-stm32.12.3.rel1.win32_1.0.100.202403111256/tools/bin/../lib/gcc/arm-none-eabi/12.3.1/../../../../arm-none-eabi/lib/thumb/v7e-m+fp/hard\libc_nano.a(libc_a-ctype_.o)
                              C:/ST/STM32CubeIDE_1.14.1/STM32CubeIDE/plugins/com.st.stm32cube.ide.mcu.externaltools.gnu-tools-for-stm32.12.3.rel1.win32_1.0.100.202403111256/tools/bin/../lib/gcc/arm-none-eabi/12.3.1/../../../../arm-none-eabi/lib/thumb/v7e-m+fp/hard\libc_nano.a(libc_a-strtol.o) (_ctype_)
C:/ST/STM32CubeIDE_1.14.1/STM32CubeIDE/plugins/com.st.stm32cube.ide.mcu.externaltools.gnu-tools-for-stm32.12.3.rel1.win32_1.0.100.202403111256/tools/bin/../lib/gcc/arm-none-eabi/12.3.1/../../../../arm-none-eabi/lib/thumb/v7e-m+fp/hard\libc_nano.a(libc_a-nano-vfprintf_float.o)
                              (_printf_float)
C:/ST/STM32CubeIDE_1.14.1/STM32CubeIDE/plugins/com.st.stm32cube.ide.mcu.externaltools.gnu-tools-for-stm32.12.3.rel1.win32_1.0.100.202403111256/tools/bin/../lib/gcc/arm-none-eabi/12.3.1/../../../../arm-none-eabi/lib/thumb/v7e-m+fp/hard\libc_nano.a(libc_a-nano-vfprintf_i.o)
                              C:/ST/STM32CubeIDE_1.14.1/STM32CubeIDE/plugins/com.st.stm32cube.ide.mcu.externaltools.gnu-tools-for-stm32.12.3.rel1.win32_1.0.100.202403111256/tools/bin/../lib/gcc/arm-none-eabi/12.3.1/../../../../arm-none-eabi/lib/thumb/v7e-m+fp/hard\libc_nano.a(libc_a-nano-vfprintf_float.o) (_printf_common)
C:/ST/STM32CubeIDE_1.14.1/STM32CubeIDE/plugins/com.st.stm32cube.ide.mcu.externaltools.gnu-tools-for-stm32.12.3.rel1.win32_1.0.100.202403111256/tools/bin/../lib/gcc/arm-none-eabi/12.3.1/../../../../arm-none-eabi/lib/thumb/v7e-m+fp/hard\libc_nano.a(libc_a-findfp.o)
                              ./Middlewares/Third_Party/FreeRTOS/Source/tasks.o (__sf)
C:/ST/STM32CubeIDE_1.14.1/STM32CubeIDE/plugins/com.st.stm32cube.ide.mcu.externaltools.gnu-tools-for-stm32.12.3.rel1.win32_1.0.100.202403111256/tools/bin/../lib/gcc/arm-none-eabi/12.3.1/../../../../arm-none-eabi/lib/thumb/v7e-m+fp/hard\libc_nano.a(libc_a-fwalk.o)
                              C:/ST/STM32CubeIDE_1.14.1/STM32CubeIDE/plugins/com.st.stm32cube.ide.mcu.externaltools.gnu-tools-for-stm32.12.3.rel1.win32_1.0.100.202403111256/tools/bin/../lib/gcc/arm-none-eabi/12.3.1/../../../../arm-none-eabi/lib/thumb/v7e-m+fp/hard\libc_nano.a(libc_a-findfp.o) (_fwalk_sglue)
C:/ST/STM32CubeIDE_1.14.1/STM32CubeIDE/plugins/com.st.stm32cube.ide.mcu.externaltools.gnu-tools-for-stm32.12.3.rel1.win32_1.0.100.202403111256/tools/bin/../lib/gcc/arm-none-eabi/12.3.1/../../../../arm-none-eabi/lib/thumb/v7e-m+fp/hard\libc_nano.a(libc_a-snprintf.o)
                              ./Application/System/System_sys.o (snprintf)
C:/ST/STM32CubeIDE_1.14.1/STM32CubeIDE/plugins/com.st.stm32cube.ide.mcu.externaltools.gnu-tools-for-stm32.12.3.rel1.win32_1.0.100.202403111256/tools/bin/../lib/gcc/arm-none-eabi/12.3.1/../../../../arm-none-eabi/lib/thumb/v7e-m+fp/hard\libc_nano.a(libc_a-sprintf.o)
                              ./Application/Modem/Modem.o (sprintf)
C:/ST/STM32CubeIDE_1.14.1/STM32CubeIDE/plugins/com.st.stm32cube.ide.mcu.externaltools.gnu-tools-for-stm32.12.3.rel1.win32_1.0.100.202403111256/tools/bin/../lib/gcc/arm-none-eabi/12.3.1/../../../../arm-none-eabi/lib/thumb/v7e-m+fp/hard\libc_nano.a(libc_a-stdio.o)
[...]
Memory Configuration

Name             Origin             Length             Attributes
RAM              0x20000000         0x00010000         xrw
FLASH            0x08000000         0x00040000         xr
*default*        0x00000000         0xffffffff

Linker script and memory map

LOAD C:/ST/STM32CubeIDE_1.14.1/STM32CubeIDE/plugins/com.st.stm32cube.ide.mcu.externaltools.gnu-tools-for-stm32.12.3.rel1.win32_1.0.100.202403111256/tools/bin/../lib/gcc/arm-none-eabi/12.3.1/thumb/v7e-m+fp/hard/crti.o
LOAD C:/ST/STM32CubeIDE_1.14.1/STM32CubeIDE/plugins/com.st.stm32cube.ide.mcu.externaltools.gnu-tools-for-stm32.12.3.rel1.win32_1.0.100.202403111256/tools/bin/../lib/gcc/arm-none-eabi/12.3.1/thumb/v7e-m+fp/hard/crtbegin.o
LOAD C:/ST/STM32CubeIDE_1.14.1/STM32CubeIDE/plugins/com.st.stm32cube.ide.mcu.externaltools.gnu-tools-for-stm32.12.3.rel1.win32_1.0.100.202403111256/tools/bin/../lib/gcc/arm-none-eabi/12.3.1/../../../../arm-none-eabi/lib/thumb/v7e-m+fp/hard/crt0.o
LOAD ./Application/ControlnDDisplayTask.o
LOAD ./Application/InterfaceTask.o
LOAD ./Application/ModemTask.o
LOAD ./Application/app_main.o
LOAD ./Application/Display/Display_HMI.o
LOAD ./Application/Modem/Modem.o
LOAD ./Application/Sensor/sensor_dht.o
LOAD ./Application/Sensor/sensor_liquidMeas.o
LOAD ./Application/System/System_Rtos.o
LOAD ./Application/System/System_serial.o
LOAD ./Application/System/System_sys.o
LOAD ./Core/Src/adc.o
LOAD ./Core/Src/freertos.o
LOAD ./Core/Src/gpio.o
LOAD ./Core/Src/main.o
LOAD ./Core/Src/stm32f4xx_hal_msp.o
LOAD ./Core/Src/stm32f4xx_hal_timebase_tim.o
LOAD ./Core/Src/stm32f4xx_it.o
LOAD ./Core/Src/syscalls.o
LOAD ./Core/Src/sysmem.o
LOAD ./Core/Src/system_stm32f4xx.o
LOAD ./Core/Src/tim.o
LOAD ./Core/Src/usart.o
LOAD ./Core/Startup/startup_stm32f401ccux.o
LOAD ./Drivers/STM32F4xx_HAL_Driver/Src/stm32f4xx_hal.o
LOAD ./Drivers/STM32F4xx_HAL_Driver/Src/stm32f4xx_hal_adc.o
LOAD ./Drivers/STM32F4xx_HAL_Driver/Src/stm32f4xx_hal_adc_ex.o
LOAD ./Drivers/STM32F4xx_HAL_Driver/Src/stm32f4xx_hal_cortex.o
LOAD ./Drivers/STM32F4xx_HAL_Driver/Src/stm32f4xx_hal_dma.o
LOAD ./Drivers/STM32F4xx_HAL_Driver/Src/stm32f4xx_hal_dma_ex.o
LOAD ./Drivers/STM32F4xx_HAL_Driver/Src/stm32f4xx_hal_exti.o
LOAD ./Drivers/STM32F4xx_HAL_Driver/Src/stm32f4xx_hal_flash.o
LOAD ./Drivers/STM32F4xx_HAL_Driver/Src/stm32f4xx_hal_flash_ex.o
LOAD ./Drivers/STM32F4xx_HAL_Driver/Src/stm32f4xx_hal_flash_ramfunc.o
LOAD ./Drivers/STM32F4xx_HAL_Driver/Src/stm32f4xx_hal_gpio.o
LOAD ./Drivers/STM32F4xx_HAL_Driver/Src/stm32f4xx_hal_pwr.o
LOAD ./Drivers/STM32F4xx_HAL_Driver/Src/stm32f4xx_hal_pwr_ex.o
LOAD ./Drivers/STM32F4xx_HAL_Driver/Src/stm32f4xx_hal_rcc.o
LOAD ./Drivers/STM32F4xx_HAL_Driver/Src/stm32f4xx_hal_rcc_ex.o
LOAD ./Drivers/STM32F4xx_HAL_Driver/Src/stm32f4xx_hal_tim.o
LOAD ./Drivers/STM32F4xx_HAL_Driver/Src/stm32f4xx_hal_tim_ex.o
LOAD ./Drivers/STM32F4xx_HAL_Driver/Src/stm32f4xx_hal_uart.o
LOAD ./Drivers/STM32F4xx_HAL_Driver/Src/stm32f4xx_ll_adc.o
LOAD ./Middlewares/Third_Party/FreeRTOS/Source/CMSIS_RTOS_V2/cmsis_os2.o
LOAD ./Middlewares/Third_Party/FreeRTOS/Source/croutine.o
LOAD ./Middlewares/Third_Party/FreeRTOS/Source/event_groups.o
LOAD ./Middlewares/Third_Party/FreeRTOS/Source/list.o
LOAD ./Middlewares/Third_Party/FreeRTOS/Source/queue.o
LOAD ./Middlewares/Third_Party/FreeRTOS/Source/stream_buffer.o
LOAD ./Middlewares/Third_Party/FreeRTOS/Source/tasks.o
LOAD ./Middlewares/Third_Party/FreeRTOS/Source/timers.o
LOAD ./Middlewares/Third_Party/FreeRTOS/Source/portable/GCC/ARM_CM4F/port.o
LOAD ./Middlewares/Third_Party/FreeRTOS/Source/portable/MemMang/heap_4.o
START GROUP
LOAD C:/ST/STM32CubeIDE_1.14.1/STM32CubeIDE/plugins/com.st.stm32cube.ide.mcu.externaltools.gnu-tools-for-stm32.12.3.rel1.win32_1.0.100.202403111256/tools/bin/../lib/gcc/arm-none-eabi/12.3.1/../../../../arm-none-eabi/lib/thumb/v7e-m+fp/hard\libstdc++_nano.a
LOAD C:/ST/STM32CubeIDE_1.14.1/STM32CubeIDE/plugins/com.st.stm32cube.ide.mcu.externaltools.gnu-tools-for-stm32.12.3.rel1.win32_1.0.100.202403111256/tools/bin/../lib/gcc/arm-none-eabi/12.3.1/../../../../arm-none-eabi/lib/thumb/v7e-m+fp/hard\libsupc++_nano.a
END GROUP
LOAD C:/ST/STM32CubeIDE_1.14.1/STM32CubeIDE/plugins/com.st.stm32cube.ide.mcu.externaltools.gnu-tools-for-stm32.12.3.rel1.win32_1.0.100.202403111256/tools/bin/../lib/gcc/arm-none-eabi/12.3.1/../../../../arm-none-eabi/lib/thumb/v7e-m+fp/hard\libstdc++_nano.a
LOAD C:/ST/STM32CubeIDE_1.14.1/STM32CubeIDE/plugins/com.st.stm32cube.ide.mcu.externaltools.gnu-tools-for-stm32.12.3.rel1.win32_1.0.100.202403111256/tools/bin/../lib/gcc/arm-none-eabi/12.3.1/../../../../arm-none-eabi/lib/thumb/v7e-m+fp/hard\libm.a
LOAD C:/ST/STM32CubeIDE_1.14.1/STM32CubeIDE/plugins/com.st.stm32cube.ide.mcu.externaltools.gnu-tools-for-stm32.12.3.rel1.win32_1.0.100.202403111256/tools/bin/../lib/gcc/arm-none-eabi/12.3.1/../../../../arm-none-eabi/lib/thumb/v7e-m+fp/hard\libc_nano.a
START GROUP
LOAD C:/ST/STM32CubeIDE_1.14.1/STM32CubeIDE/plugins/com.st.stm32cube.ide.mcu.externaltools.gnu-tools-for-stm32.12.3.rel1.win32_1.0.100.202403111256/tools/bin/../lib/gcc/arm-none-eabi/12.3.1/thumb/v7e-m+fp/hard\libgcc.a
LOAD C:/ST/STM32CubeIDE_1.14.1/STM32CubeIDE/plugins/com.st.stm32cube.ide.mcu.externaltools.gnu-tools-for-stm32.12.3.rel1.win32_1.0.100.202403111256/tools/bin/../lib/gcc/arm-none-eabi/12.3.1/../../../../arm-none-eabi/lib/thumb/v7e-m+fp/hard\libc_nano.a
END GROUP
START GROUP
LOAD C:/ST/STM32CubeIDE_1.14.1/STM32CubeIDE/plugins/com.st.stm32cube.ide.mcu.externaltools.gnu-tools-for-stm32.12.3.rel1.win32_1.0.100.202403111256/tools/bin/../lib/gcc/arm-none-eabi/12.3.1/thumb/v7e-m+fp/hard\libgcc.a
LOAD C:/ST/STM32CubeIDE_1.14.1/STM32CubeIDE/plugins/com.st.stm32cube.ide.mcu.externaltools.gnu-tools-for-stm32.12.3.rel1.win32_1.0.100.202403111256/tools/bin/../lib/gcc/arm-none-eabi/12.3.1/../../../../arm-none-eabi/lib/thumb/v7e-m+fp/hard\libc_nano.a
LOAD C:/ST/STM32CubeIDE_1.14.1/STM32CubeIDE/plugins/com.st.stm32cube.ide.mcu.externaltools.gnu-tools-for-stm32.12.3.rel1.win32_1.0.100.202403111256/tools/bin/../lib/gcc/arm-none-eabi/12.3.1/../../../../arm-none-eabi/lib/thumb/v7e-m+fp/hard\libnosys.a
END GROUP
START GROUP
LOAD C:/ST/STM32CubeIDE_1.14.1/STM32CubeIDE/plugins/com.st.stm32cube.ide.mcu.externaltools.gnu-tools-for-stm32.12.3.rel1.win32_1.0.100.202403111256/tools/bin/../lib/gcc/arm-none-eabi/12.3.1/thumb/v7e-m+fp/hard\libgcc.a
LOAD C:/ST/STM32CubeIDE_1.14.1/STM32CubeIDE/plugins/com.st.stm32cube.ide.mcu.externaltools.gnu-tools-for-stm32.12.3.rel1.win32_1.0.100.202403111256/tools/bin/../lib/gcc/arm-none-eabi/12.3.1/../../../../arm-none-eabi/lib/thumb/v7e-m+fp/hard\libc_nano.a
LOAD C:/ST/STM32CubeIDE_1.14.1/STM32CubeIDE/plugins/com.st.stm32cube.ide.mcu.externaltools.gnu-tools-for-stm32.12.3.rel1.win32_1.0.100.202403111256/tools/bin/../lib/gcc/arm-none-eabi/12.3.1/../../../../arm-none-eabi/lib/thumb/v7e-m+fp/hard\libnosys.a
END GROUP
LOAD C:/ST/STM32CubeIDE_1.14.1/STM32CubeIDE/plugins/com.st.stm32cube.ide.mcu.externaltools.gnu-tools-for-stm32.12.3.rel1.win32_1.0.100.202403111256/tools/bin/../lib/gcc/arm-none-eabi/12.3.1/thumb/v7e-m+fp/hard/crtend.o
LOAD C:/ST/STM32CubeIDE_1.14.1/STM32CubeIDE/plugins/com.st.stm32cube.ide.mcu.externaltools.gnu-tools-for-stm32.12.3.rel1.win32_1.0.100.202403111256/tools/bin/../lib/gcc/arm-none-eabi/12.3.1/thumb/v7e-m+fp/hard/crtn.o
                0x20010000                        _estack = (ORIGIN (RAM) + LENGTH (RAM))
                0x00000200                        _Min_Heap_Size = 0x200
                0x00000400                        _Min_Stack_Size = 0x400

.isr_vector     0x08000000      0x194
                0x08000000                        . = ALIGN (0x4)
 *(.isr_vector)
 .isr_vector    0x08000000      0x194 ./Core/Startup/startup_stm32f401ccux.o
                0x08000000                g_pfnVectors
                0x08000194                        . = ALIGN (0x4)

.text           0x080001a0     0xb2b8
                0x080001a0                        . = ALIGN (0x4)
 *(.text)
 .text          0x080001a0       0x40 C:/ST/STM32CubeIDE_1.14.1/STM32CubeIDE/plugins/com.st.stm32cube.ide.mcu.externaltools.gnu-tools-for-stm32.12.3.rel1.win32_1.0.100.202403111256/tools/bin/../lib/gcc/arm-none-eabi/12.3.1/thumb/v7e-m+fp/hard/crtbegin.o
 .text          0x080001e0       0xa0 C:/ST/STM32CubeIDE_1.14.1/STM32CubeIDE/plugins/com.st.stm32cube.ide.mcu.externaltools.gnu-tools-for-stm32.12.3.rel1.win32_1.0.100.202403111256/tools/bin/../lib/gcc/arm-none-eabi/12.3.1/../../../../arm-none-eabi/lib/thumb/v7e-m+fp/hard\libc_nano.a(libc_a-memchr.o)
                0x080001e0                memchr
 .text          0x08000280       0x10 C:/ST/STM32CubeIDE_1.14.1/STM32CubeIDE/plugins/com.st.stm32cube.ide.mcu.externaltools.gnu-tools-for-stm32.12.3.rel1.win32_1.0.100.202403111256/tools/bin/../lib/gcc/arm-none-eabi/12.3.1/../../../../arm-none-eabi/lib/thumb/v7e-m+fp/hard\libc_nano.a(libc_a-strlen.o)
                0x08000280                strlen
 .text          0x08000290      0x378 C:/ST/STM32CubeIDE_1.14.1/STM32CubeIDE/plugins/com.st.stm32cube.ide.mcu.externaltools.gnu-tools-for-stm32.12.3.rel1.win32_1.0.100.202403111256/tools/bin/../lib/gcc/arm-none-eabi/12.3.1/thumb/v7e-m+fp/hard\libgcc.a(_arm_addsubdf3.o)
                0x08000290                __aeabi_drsub
                0x08000298                __aeabi_dsub
                0x08000298                __subdf3
                0x0800029c                __aeabi_dadd
                0x0800029c                __adddf3
                0x08000514                __floatunsidf
                0x08000514                __aeabi_ui2d
                0x08000534                __floatsidf
                0x08000534                __aeabi_i2d
                0x08000558                __aeabi_f2d
                0x08000558                __extendsfdf2
                0x0800059c                __floatundidf
                0x0800059c                __aeabi_ul2d
                0x080005ac                __floatdidf
                0x080005ac                __aeabi_l2d
 .text          0x08000608      0x424 C:/ST/STM32CubeIDE_1.14.1/STM32CubeIDE/plugins/com.st.stm32cube.ide.mcu.externaltools.gnu-tools-for-stm32.12.3.rel1.win32_1.0.100.202403111256/tools/bin/../lib/gcc/arm-none-eabi/12.3.1/thumb/v7e-m+fp/hard\libgcc.a(_arm_muldivdf3.o)
                0x08000608                __aeabi_dmul
                0x08000608                __muldf3
                0x0800085c                __divdf3
                0x0800085c                __aeabi_ddiv
 .text          0x08000a2c      0x110 C:/ST/STM32CubeIDE_1.14.1/STM32CubeIDE/plugins/com.st.stm32cube.ide.mcu.externaltools.gnu-tools-for-stm32.12.3.rel1.win32_1.0.100.202403111256/tools/bin/../lib/gcc/arm-none-eabi/12.3.1/thumb/v7e-m+fp/hard\libgcc.a(_arm_cmpdf2.o)
                0x08000a2c                __gtdf2
                0x08000a2c                __gedf2
                0x08000a34                __ltdf2
                0x08000a34                __ledf2
                0x08000a3c                __nedf2
                0x08000a3c                __eqdf2
                0x08000a3c                __cmpdf2
                0x08000ab8                __aeabi_cdrcmple
                0x08000ac8                __aeabi_cdcmpeq
                0x08000ac8                __aeabi_cdcmple
                0x08000ad8                __aeabi_dcmpeq
                0x08000aec                __aeabi_dcmplt
                0x08000b00                __aeabi_dcmple
                0x08000b14                __aeabi_dcmpge
                0x08000b28                __aeabi_dcmpgt
 .text          0x08000b3c       0x2c C:/ST/STM32CubeIDE_1.14.1/STM32CubeIDE/plugins/com.st.stm32cube.ide.mcu.externaltools.gnu-tools-for-stm32.12.3.rel1.win32_1.0.100.202403111256/tools/bin/../lib/gcc/arm-none-eabi/12.3.1/thumb/v7e-m+fp/hard\libgcc.a(_arm_unorddf2.o)
                0x08000b3c                __unorddf2
                0x08000b3c                __aeabi_dcmpun
 .text          0x08000b68       0x50 C:/ST/STM32CubeIDE_1.14.1/STM32CubeIDE/plugins/com.st.stm32cube.ide.mcu.externaltools.gnu-tools-for-stm32.12.3.rel1.win32_1.0.100.202403111256/tools/bin/../lib/gcc/arm-none-eabi/12.3.1/thumb/v7e-m+fp/hard\libgcc.a(_arm_fixdfsi.o)
                0x08000b68                __aeabi_d2iz
                0x08000b68                __fixdfsi
 .text          0x08000bb8       0x30 C:/ST/STM32CubeIDE_1.14.1/STM32CubeIDE/plugins/com.st.stm32cube.ide.mcu.externaltools.gnu-tools-for-stm32.12.3.rel1.win32_1.0.100.202403111256/tools/bin/../lib/gcc/arm-none-eabi/12.3.1/thumb/v7e-m+fp/hard\libgcc.a(_aeabi_uldivmod.o)
                0x08000bb8                __aeabi_uldivmod
 .text          0x08000be8      0x2bc C:/ST/STM32CubeIDE_1.14.1/STM32CubeIDE/plugins/com.st.stm32cube.ide.mcu.externaltools.gnu-tools-for-stm32.12.3.rel1.win32_1.0.100.202403111256/tools/bin/../lib/gcc/arm-none-eabi/12.3.1/thumb/v7e-m+fp/hard\libgcc.a(_udivmoddi4.o)
                0x08000be8                __udivmoddi4
 .text          0x08000ea4        0x4 C:/ST/STM32CubeIDE_1.14.1/STM32CubeIDE/plugins/com.st.stm32cube.ide.mcu.externaltools.gnu-tools-for-stm32.12.3.rel1.win32_1.0.100.202403111256/tools/bin/../lib/gcc/arm-none-eabi/12.3.1/thumb/v7e-m+fp/hard\libgcc.a(_dvmd_tls.o)
                0x08000ea4                __aeabi_idiv0
                0x08000ea4                __aeabi_ldiv0
 *(.text*)
 .text._Z20ControlnDDisplayTaskPv
                0x08000ea8       0x12 ./Application/ControlnDDisplayTask.o
                0x08000ea8                ControlnDDisplayTask(void*)
 *fill*         0x08000eba        0x2 
 .text._Z41__static_initialization_and_destruction_0ii
                0x08000ebc       0x44 ./Application/ControlnDDisplayTask.o
 .text._GLOBAL__sub_I_liquidSensor
                0x08000f00       0x10 ./Application/ControlnDDisplayTask.o
 .text._Z13InterfaceTaskPv
                0x08000f10       0x12 ./Application/InterfaceTask.o
                0x08000f10                InterfaceTask(void*)
 *fill*         0x08000f22        0x2 
 .text._Z9ModemTaskPv
                0x08000f24       0x6c ./Application/ModemTask.o
                0x08000f24                ModemTask(void*)
 .text._Z41__static_initialization_and_destruction_0ii
                0x08000f90       0x34 ./Application/ModemTask.o
 .text._GLOBAL__sub_I_simA7672
                0x08000fc4       0x10 ./Application/ModemTask.o
 .text._Z11app_mainCppv
                0x08000fd4       0x28 ./Application/app_main.o
                0x08000fd4                app_mainCpp()
 .text.app_mainC
                0x08000ffc        0xc ./Application/app_main.o
                0x08000ffc                app_mainC
 .text._Z41__static_initialization_and_destruction_0ii
                0x08001008       0x88 ./Application/app_main.o
 .text._GLOBAL__sub_I_ModemTaskHandler
                0x08001090       0x10 ./Application/app_main.o
 .text._ZN3HMI4DWINC2EP20__UART_HandleTypeDef
                0x080010a0       0x1e ./Application/Display/Display_HMI.o
                0x080010a0                HMI::DWIN::DWIN(__UART_HandleTypeDef*)
                0x080010a0                HMI::DWIN::DWIN(__UART_HandleTypeDef*)
 *fill*         0x080010be        0x2 
 .text._ZN5Modem8simA7672C2EP20__UART_HandleTypeDef
                0x080010c0       0xbc ./Application/Modem/Modem.o
                0x080010c0                Modem::simA7672::simA7672(__UART_HandleTypeDef*)
                0x080010c0                Modem::simA7672::simA7672(__UART_HandleTypeDef*)
 .text._ZN5Modem8simA76724initEv
                0x0800117c      0x258 ./Application/Modem/Modem.o
                0x0800117c                Modem::simA7672::init()
 .text._ZN5Modem8simA76726getSimEPc
                0x080013d4       0xd8 ./Application/Modem/Modem.o
                0x080013d4                Modem::simA7672::getSim(char*)
 .text._ZN5Modem8simA767210getNetworkEPc
                0x080014ac      0x200 ./Application/Modem/Modem.o
                0x080014ac                Modem::simA7672::getNetwork(char*)
 .text._ZN5Modem8simA767210getSignalQEPc
                0x080016ac      0x114 ./Application/Modem/Modem.o
                0x080016ac                Modem::simA7672::getSignalQ(char*)
 .text._ZN5Modem8simA767211getTimeDateEPcS1_S1_
                0x080017c0      0x108 ./Application/Modem/Modem.o
                0x080017c0                Modem::simA7672::getTimeDate(char*, char*, char*)
 .text._ZN5Modem8simA76728PrepRxTxEPKhtthNS0_6RxmodeE
                0x080018c8       0xce ./Application/Modem/Modem.o
                0x080018c8                Modem::simA7672::PrepRxTx(unsigned char const*, unsigned short, unsigned short, unsigned char, Modem::simA7672::Rxmode)
 .text._ZN5Modem8simA76729set_eventENS0_9eventTypeE
                0x08001996       0x28 ./Application/Modem/Modem.o
                0x08001996                Modem::simA7672::set_event(Modem::simA7672::eventType)
 .text._ZN5Modem8simA76729rst_eventENS0_9eventTypeE
                0x080019be       0x28 ./Application/Modem/Modem.o
                0x080019be                Modem::simA7672::rst_event(Modem::simA7672::eventType)
 .text._ZN5Modem8simA767211check_eventENS0_9eventTypeE
                0x080019e6       0x64 ./Application/Modem/Modem.o
                0x080019e6                Modem::simA7672::check_event(Modem::simA7672::eventType)
 .text._ZN5Modem8simA767218check_eventTimeoutENS0_9eventTypeEt
                0x08001a4a       0x78 ./Application/Modem/Modem.o
                0x08001a4a                Modem::simA7672::check_eventTimeout(Modem::simA7672::eventType, unsigned short)
 .text._ZN5Modem8simA76724RxCBEh
                0x08001ac2      0x15c ./Application/Modem/Modem.o
                0x08001ac2                Modem::simA7672::RxCB(unsigned char)
 *fill*         0x08001c1e        0x2 
 .text._ZN5Modem8simA767210RxCBStaticEP20__UART_HandleTypeDefh
                0x08001c20       0x64 ./Application/Modem/Modem.o
                0x08001c20                Modem::simA7672::RxCBStatic(__UART_HandleTypeDef*, unsigned char)
 .text._ZN5Modem8simA767210TxCBStaticEP20__UART_HandleTypeDef
                0x08001c84       0x14 ./Application/Modem/Modem.o
                0x08001c84                Modem::simA7672::TxCBStatic(__UART_HandleTypeDef*)
 .text._ZN17sensor_liquidMeas12liquidSensorC2EP17ADC_HandleTypeDef
                0x08001c98       0x1e ./Application/Sensor/sensor_liquidMeas.o
                0x08001c98                sensor_liquidMeas::liquidSensor::liquidSensor(ADC_HandleTypeDef*)
                0x08001c98                sensor_liquidMeas::liquidSensor::liquidSensor(ADC_HandleTypeDef*)
 *fill*         0x08001cb6        0x2 
 .text._ZN11System_Rtos5delayEm
                0x08001cb8       0x2c ./Application/System/System_Rtos.o
                0x08001cb8                System_Rtos::delay(unsigned long)
 .text._ZN11System_Rtos14freertos_TasksC2EPFvPvEPKctS1_m
                0x08001ce4       0x42 ./Application/System/System_Rtos.o
                0x08001ce4                System_Rtos::freertos_Tasks::freertos_Tasks(void (*)(void*), char const*, unsigned short, void*, unsigned long)
                0x08001ce4                System_Rtos::freertos_Tasks::freertos_Tasks(void (*)(void*), char const*, unsigned short, void*, unsigned long)
 .text._ZN11System_Rtos14freertos_Tasks10createTaskEv
                0x08001d26       0x34 ./Application/System/System_Rtos.o
                0x08001d26                System_Rtos::freertos_Tasks::createTask()
 *fill*         0x08001d5a        0x2 
 .text._Z16setModemCallbackPFvP20__UART_HandleTypeDefhEPFvS0_E
                0x08001d5c       0x2c ./Application/System/System_serial.o
                0x08001d5c                setModemCallback(void (*)(__UART_HandleTypeDef*, unsigned char), void (*)(__UART_HandleTypeDef*))
 .text._Z23My_UART_Receive_EndlessP20__UART_HandleTypeDef
                0x08001d88       0xcc ./Application/System/System_serial.o
                0x08001d88                My_UART_Receive_Endless(__UART_HandleTypeDef*)
 .text._Z18My_UART_IRQHandlerP20__UART_HandleTypeDef
                0x08001e54      0x1e8 ./Application/System/System_serial.o
                0x08001e54                My_UART_IRQHandler(__UART_HandleTypeDef*)
 .text.My_UART_IRQHandlerC
                0x0800203c       0x16 ./Application/System/System_serial.o
                0x0800203c                My_UART_IRQHandlerC
 .text._ZN13System_serial6serialC2EP20__UART_HandleTypeDef
                0x08002052       0x1e ./Application/System/System_serial.o
                0x08002052                System_serial::serial::serial(__UART_HandleTypeDef*)
                0x08002052                System_serial::serial::serial(__UART_HandleTypeDef*)
 .text._ZN13System_serial6serial12TransmitDataEPKhtm
                0x08002070       0x26 ./Application/System/System_serial.o
                0x08002070                System_serial::serial::TransmitData(unsigned char const*, unsigned short, unsigned long)
 .text._ZN13System_serial6serial7RxintEnEPht
                0x08002096       0x24 ./Application/System/System_serial.o
                0x08002096                System_serial::serial::RxintEn(unsigned char*, unsigned short)
 .text._ZN13System_serial6serial8RxintDisEv
                0x080020ba       0x1a ./Application/System/System_serial.o
                0x080020ba                System_serial::serial::RxintDis()
 .text._ZSt6strchrPci
                0x080020d4       0x1c ./Application/System/System_sys.o
                0x080020d4                std::strchr(char*, int)
 .text._ZN10System_sys16Parsing_CheckingC2Ev
                0x080020f0       0x16 ./Application/System/System_sys.o
                0x080020f0                System_sys::Parsing_Checking::Parsing_Checking()
                0x080020f0                System_sys::Parsing_Checking::Parsing_Checking()
 *fill*         0x08002106        0x2 
 .text._ZN10System_sys16Parsing_Checking20checkResponse_OK_ERREPKct
                0x08002108       0x4c ./Application/System/System_sys.o
                0x08002108                System_sys::Parsing_Checking::checkResponse_OK_ERR(char const*, unsigned short)
 .text._ZN10System_sys16Parsing_Checking23parseDate_Time_TimezoneEPctS1_S1_S1_
                0x08002154      0x230 ./Application/System/System_sys.o
                0x08002154                System_sys::Parsing_Checking::parseDate_Time_Timezone(char*, unsigned short, char*, char*, char*)
 .text._ZN10System_sys16Parsing_Checking26parseSkipCharnDTillEndCharEPctS1_hhS1_
                0x08002384      0x11a ./Application/System/System_sys.o
                0x08002384                System_sys::Parsing_Checking::parseSkipCharnDTillEndChar(char*, unsigned short, char*, unsigned char, unsigned char, char*)
 *fill*         0x0800249e        0x2 
 .text.MX_ADC1_Init
                0x080024a0       0xa4 ./Core/Src/adc.o
                0x080024a0                MX_ADC1_Init
 .text.HAL_ADC_MspInit
                0x08002544       0x88 ./Core/Src/adc.o
                0x08002544                HAL_ADC_MspInit
 .text.MX_FREERTOS_Init
                0x080025cc       0x10 ./Core/Src/freertos.o
                0x080025cc                MX_FREERTOS_Init
 .text.MX_GPIO_Init
                0x080025dc       0xd0 ./Core/Src/gpio.o
                0x080025dc                MX_GPIO_Init
 .text.main     0x080026ac       0x2c ./Core/Src/main.o
                0x080026ac                main
 .text.SystemClock_Config
                0x080026d8       0xd4 ./Core/Src/main.o
                0x080026d8                SystemClock_Config
 .text.HAL_TIM_PeriodElapsedCallback
                0x080027ac       0x24 ./Core/Src/main.o
                0x080027ac                HAL_TIM_PeriodElapsedCallback
 .text.Error_Handler
                0x080027d0        0xc ./Core/Src/main.o
                0x080027d0                Error_Handler
 .text.HAL_MspInit
                0x080027dc       0x58 ./Core/Src/stm32f4xx_hal_msp.o
                0x080027dc                HAL_MspInit
 .text.HAL_InitTick
                0x08002834       0xf8 ./Core/Src/stm32f4xx_hal_timebase_tim.o
                0x08002834                HAL_InitTick
 .text.NMI_Handler
                0x0800292c        0x8 ./Core/Src/stm32f4xx_it.o
                0x0800292c                NMI_Handler
 .text.HardFault_Handler
                0x08002934        0x8 ./Core/Src/stm32f4xx_it.o
                0x08002934                HardFault_Handler
 .text.MemManage_Handler
                0x0800293c        0x8 ./Core/Src/stm32f4xx_it.o
                0x0800293c                MemManage_Handler
 .text.BusFault_Handler
                0x08002944        0x8 ./Core/Src/stm32f4xx_it.o
                0x08002944                BusFault_Handler
 .text.UsageFault_Handler
                0x0800294c        0x8 ./Core/Src/stm32f4xx_it.o
                0x0800294c                UsageFault_Handler
 .text.DebugMon_Handler
                0x08002954        0xe ./Core/Src/stm32f4xx_it.o
                0x08002954                DebugMon_Handler
 *fill*         0x08002962        0x2 
 .text.TIM3_IRQHandler
                0x08002964       0x14 ./Core/Src/stm32f4xx_it.o
                0x08002964                TIM3_IRQHandler
 .text.USART1_IRQHandler
                0x08002978       0x14 ./Core/Src/stm32f4xx_it.o
                0x08002978                USART1_IRQHandler
 .text.USART2_IRQHandler
                0x0800298c       0x14 ./Core/Src/stm32f4xx_it.o
                0x0800298c                USART2_IRQHandler
 .text.USART6_IRQHandler
                0x080029a0       0x14 ./Core/Src/stm32f4xx_it.o
                0x080029a0                USART6_IRQHandler
 .text._getpid  0x080029b4       0x10 ./Core/Src/syscalls.o
                0x080029b4                _getpid
 .text._kill    0x080029c4       0x20 ./Core/Src/syscalls.o
                0x080029c4                _kill
 .text._exit    0x080029e4       0x16 ./Core/Src/syscalls.o
                0x080029e4                _exit
 .text._read    0x080029fa       0x3a ./Core/Src/syscalls.o
                0x080029fa                _read
 .text._write   0x08002a34       0x38 ./Core/Src/syscalls.o
                0x08002a34                _write
 .text._close   0x08002a6c       0x18 ./Core/Src/syscalls.o
                0x08002a6c                _close
 .text._fstat   0x08002a84       0x20 ./Core/Src/syscalls.o
                0x08002a84                _fstat
 .text._isatty  0x08002aa4       0x16 ./Core/Src/syscalls.o
                0x08002aa4                _isatty
 .text._lseek   0x08002aba       0x1a ./Core/Src/syscalls.o
                0x08002aba                _lseek
 .text._sbrk    0x08002ad4       0x6c ./Core/Src/sysmem.o
                0x08002ad4                _sbrk
 .text.SystemInit
                0x08002b40       0x24 ./Core/Src/system_stm32f4xx.o
                0x08002b40                SystemInit
 .text.MX_TIM11_Init
                0x08002b64       0x48 ./Core/Src/tim.o
                0x08002b64                MX_TIM11_Init
 .text.HAL_TIM_Base_MspInit
                0x08002bac       0x44 ./Core/Src/tim.o
                0x08002bac                HAL_TIM_Base_MspInit
 .text.MX_USART1_UART_Init
                0x08002bf0       0x54 ./Core/Src/usart.o
                0x08002bf0                MX_USART1_UART_Init
 .text.MX_USART2_UART_Init
                0x08002c44       0x54 ./Core/Src/usart.o
                0x08002c44                MX_USART2_UART_Init
 .text.MX_USART6_UART_Init
                0x08002c98       0x54 ./Core/Src/usart.o
                0x08002c98                MX_USART6_UART_Init
 .text.HAL_UART_MspInit
                0x08002cec      0x194 ./Core/Src/usart.o
                0x08002cec                HAL_UART_MspInit
 .text.Reset_Handler
                0x08002e80       0x50 ./Core/Startup/startup_stm32f401ccux.o
                0x08002e80                Reset_Handler
 .text.Default_Handler
                0x08002ed0        0x2 ./Core/Startup/startup_stm32f401ccux.o
                0x08002ed0                RTC_Alarm_IRQHandler
                0x08002ed0                EXTI2_IRQHandler
                0x08002ed0                SPI4_IRQHandler
                0x08002ed0                TIM1_CC_IRQHandler
                0x08002ed0                DMA2_Stream5_IRQHandler
                0x08002ed0                DMA1_Stream5_IRQHandler
                0x08002ed0                PVD_IRQHandler
                0x08002ed0                SDIO_IRQHandler
                0x08002ed0                TAMP_STAMP_IRQHandler
                0x08002ed0                EXTI3_IRQHandler
                0x08002ed0                TIM1_UP_TIM10_IRQHandler
                0x08002ed0                I2C3_ER_IRQHandler
                0x08002ed0                EXTI0_IRQHandler
                0x08002ed0                I2C2_EV_IRQHandler
                0x08002ed0                DMA1_Stream2_IRQHandler
                0x08002ed0                FPU_IRQHandler
                0x08002ed0                DMA2_Stream2_IRQHandler
                0x08002ed0                SPI1_IRQHandler
                0x08002ed0                TIM1_BRK_TIM9_IRQHandler
                0x08002ed0                DMA2_Stream3_IRQHandler
                0x08002ed0                DMA2_Stream0_IRQHandler
                0x08002ed0                TIM4_IRQHandler
                0x08002ed0                I2C1_EV_IRQHandler
                0x08002ed0                DMA1_Stream6_IRQHandler
                0x08002ed0                DMA1_Stream1_IRQHandler
                0x08002ed0                RCC_IRQHandler
                0x08002ed0                Default_Handler
                0x08002ed0                EXTI15_10_IRQHandler
                0x08002ed0                ADC_IRQHandler
                0x08002ed0                DMA1_Stream7_IRQHandler
                0x08002ed0                TIM5_IRQHandler
                0x08002ed0                DMA2_Stream7_IRQHandler
                0x08002ed0                I2C3_EV_IRQHandler
                0x08002ed0                EXTI9_5_IRQHandler
                0x08002ed0                RTC_WKUP_IRQHandler
                0x08002ed0                SPI2_IRQHandler
                0x08002ed0                DMA1_Stream0_IRQHandler
                0x08002ed0                EXTI4_IRQHandler
                0x08002ed0                WWDG_IRQHandler
                0x08002ed0                TIM2_IRQHandler
                0x08002ed0                OTG_FS_WKUP_IRQHandler
                0x08002ed0                TIM1_TRG_COM_TIM11_IRQHandler
                0x08002ed0                EXTI1_IRQHandler
                0x08002ed0                I2C2_ER_IRQHandler
                0x08002ed0                DMA2_Stream1_IRQHandler
                0x08002ed0                FLASH_IRQHandler
                0x08002ed0                DMA2_Stream4_IRQHandler
                0x08002ed0                OTG_FS_IRQHandler
                0x08002ed0                SPI3_IRQHandler
                0x08002ed0                DMA1_Stream4_IRQHandler
                0x08002ed0                I2C1_ER_IRQHandler
                0x08002ed0                DMA2_Stream6_IRQHandler
                0x08002ed0                DMA1_Stream3_IRQHandler
 *fill*         0x08002ed2        0x2 
 .text.HAL_Init
                0x08002ed4       0x44 ./Drivers/STM32F4xx_HAL_Driver/Src/stm32f4xx_hal.o
                0x08002ed4                HAL_Init
 .text.HAL_IncTick
                0x08002f18       0x28 ./Drivers/STM32F4xx_HAL_Driver/Src/stm32f4xx_hal.o
                0x08002f18                HAL_IncTick
 .text.HAL_GetTick
                0x08002f40       0x18 ./Drivers/STM32F4xx_HAL_Driver/Src/stm32f4xx_hal.o
                0x08002f40                HAL_GetTick
 .text.HAL_ADC_Init
                0x08002f58       0x86 ./Drivers/STM32F4xx_HAL_Driver/Src/stm32f4xx_hal_adc.o
                0x08002f58                HAL_ADC_Init
 *fill*         0x08002fde        0x2 
 .text.HAL_ADC_ConfigChannel
                0x08002fe0      0x244 ./Drivers/STM32F4xx_HAL_Driver/Src/stm32f4xx_hal_adc.o
                0x08002fe0                HAL_ADC_ConfigChannel
 .text.ADC_Init
                0x08003224      0x1f8 ./Drivers/STM32F4xx_HAL_Driver/Src/stm32f4xx_hal_adc.o
 .text.__NVIC_SetPriorityGrouping
                0x0800341c       0x48 ./Drivers/STM32F4xx_HAL_Driver/Src/stm32f4xx_hal_cortex.o
 .text.__NVIC_GetPriorityGrouping
                0x08003464       0x1c ./Drivers/STM32F4xx_HAL_Driver/Src/stm32f4xx_hal_cortex.o
 .text.__NVIC_EnableIRQ
                0x08003480       0x3c ./Drivers/STM32F4xx_HAL_Driver/Src/stm32f4xx_hal_cortex.o
 .text.__NVIC_SetPriority
                0x080034bc       0x54 ./Drivers/STM32F4xx_HAL_Driver/Src/stm32f4xx_hal_cortex.o
 .text.NVIC_EncodePriority
                0x08003510       0x66 ./Drivers/STM32F4xx_HAL_Driver/Src/stm32f4xx_hal_cortex.o
 .text.HAL_NVIC_SetPriorityGrouping
                0x08003576       0x16 ./Drivers/STM32F4xx_HAL_Driver/Src/stm32f4xx_hal_cortex.o
                0x08003576                HAL_NVIC_SetPriorityGrouping
 .text.HAL_NVIC_SetPriority
                0x0800358c       0x38 ./Drivers/STM32F4xx_HAL_Driver/Src/stm32f4xx_hal_cortex.o
                0x0800358c                HAL_NVIC_SetPriority
 .text.HAL_NVIC_EnableIRQ
                0x080035c4       0x1c ./Drivers/STM32F4xx_HAL_Driver/Src/stm32f4xx_hal_cortex.o
                0x080035c4                HAL_NVIC_EnableIRQ
 .text.HAL_DMA_Abort
                0x080035e0       0xe0 ./Drivers/STM32F4xx_HAL_Driver/Src/stm32f4xx_hal_dma.o
                0x080035e0                HAL_DMA_Abort
 .text.HAL_DMA_Abort_IT
                0x080036c0       0x44 ./Drivers/STM32F4xx_HAL_Driver/Src/stm32f4xx_hal_dma.o
                0x080036c0                HAL_DMA_Abort_IT
 .text.HAL_GPIO_Init
                0x08003704      0x308 ./Drivers/STM32F4xx_HAL_Driver/Src/stm32f4xx_hal_gpio.o
                0x08003704                HAL_GPIO_Init
 .text.HAL_GPIO_WritePin
                0x08003a0c       0x32 ./Drivers/STM32F4xx_HAL_Driver/Src/stm32f4xx_hal_gpio.o
                0x08003a0c                HAL_GPIO_WritePin
 .text.HAL_GPIO_TogglePin
                0x08003a3e       0x34 ./Drivers/STM32F4xx_HAL_Driver/Src/stm32f4xx_hal_gpio.o
                0x08003a3e                HAL_GPIO_TogglePin
 *fill*         0x08003a72        0x2 
 .text.HAL_RCC_OscConfig
                0x08003a74      0x4f0 ./Drivers/STM32F4xx_HAL_Driver/Src/stm32f4xx_hal_rcc.o
                0x08003a74                HAL_RCC_OscConfig
 .text.HAL_RCC_ClockConfig
                0x08003f64      0x1cc ./Drivers/STM32F4xx_HAL_Driver/Src/stm32f4xx_hal_rcc.o
                0x08003f64                HAL_RCC_ClockConfig
 .text.HAL_RCC_GetSysClockFreq
                0x08004130      0x18c ./Drivers/STM32F4xx_HAL_Driver/Src/stm32f4xx_hal_rcc.o
                0x08004130                HAL_RCC_GetSysClockFreq
 .text.HAL_RCC_GetHCLKFreq
                0x080042bc       0x18 ./Drivers/STM32F4xx_HAL_Driver/Src/stm32f4xx_hal_rcc.o
                0x080042bc                HAL_RCC_GetHCLKFreq
 .text.HAL_RCC_GetPCLK1Freq
                0x080042d4       0x28 ./Drivers/STM32F4xx_HAL_Driver/Src/stm32f4xx_hal_rcc.o
                0x080042d4                HAL_RCC_GetPCLK1Freq
 .text.HAL_RCC_GetPCLK2Freq
                0x080042fc       0x28 ./Drivers/STM32F4xx_HAL_Driver/Src/stm32f4xx_hal_rcc.o
                0x080042fc                HAL_RCC_GetPCLK2Freq
 .text.HAL_RCC_GetClockConfig
                0x08004324       0x64 ./Drivers/STM32F4xx_HAL_Driver/Src/stm32f4xx_hal_rcc.o
                0x08004324                HAL_RCC_GetClockConfig
 .text.HAL_TIM_Base_Init
                0x08004388       0x9e ./Drivers/STM32F4xx_HAL_Driver/Src/stm32f4xx_hal_tim.o
                0x08004388                HAL_TIM_Base_Init
 *fill*         0x08004426        0x2 
 .text.HAL_TIM_Base_Start_IT
                0x08004428       0xc4 ./Drivers/STM32F4xx_HAL_Driver/Src/stm32f4xx_hal_tim.o
                0x08004428                HAL_TIM_Base_Start_IT
 .text.HAL_TIM_IRQHandler
                0x080044ec      0x1e0 ./Drivers/STM32F4xx_HAL_Driver/Src/stm32f4xx_hal_tim.o
                0x080044ec                HAL_TIM_IRQHandler
 .text.HAL_TIM_OC_DelayElapsedCallback
                0x080046cc       0x14 ./Drivers/STM32F4xx_HAL_Driver/Src/stm32f4xx_hal_tim.o
                0x080046cc                HAL_TIM_OC_DelayElapsedCallback
 .text.HAL_TIM_IC_CaptureCallback
                0x080046e0       0x14 ./Drivers/STM32F4xx_HAL_Driver/Src/stm32f4xx_hal_tim.o
                0x080046e0                HAL_TIM_IC_CaptureCallback
 .text.HAL_TIM_PWM_PulseFinishedCallback
                0x080046f4       0x14 ./Drivers/STM32F4xx_HAL_Driver/Src/stm32f4xx_hal_tim.o
                0x080046f4                HAL_TIM_PWM_PulseFinishedCallback
 .text.HAL_TIM_TriggerCallback
                0x08004708       0x14 ./Drivers/STM32F4xx_HAL_Driver/Src/stm32f4xx_hal_tim.o
                0x08004708                HAL_TIM_TriggerCallback
 .text.TIM_Base_SetConfig
                0x0800471c      0x118 ./Drivers/STM32F4xx_HAL_Driver/Src/stm32f4xx_hal_tim.o
                0x0800471c                TIM_Base_SetConfig
 .text.HAL_TIMEx_CommutCallback
                0x08004834       0x14 ./Drivers/STM32F4xx_HAL_Driver/Src/stm32f4xx_hal_tim_ex.o
                0x08004834                HAL_TIMEx_CommutCallback
 .text.HAL_TIMEx_BreakCallback
                0x08004848       0x14 ./Drivers/STM32F4xx_HAL_Driver/Src/stm32f4xx_hal_tim_ex.o
                0x08004848                HAL_TIMEx_BreakCallback
 .text.HAL_UART_Init
                0x0800485c       0xa0 ./Drivers/STM32F4xx_HAL_Driver/Src/stm32f4xx_hal_uart.o
                0x0800485c                HAL_UART_Init
 .text.HAL_UART_Transmit
                0x080048fc      0x116 ./Drivers/STM32F4xx_HAL_Driver/Src/stm32f4xx_hal_uart.o
                0x080048fc                HAL_UART_Transmit
 .text.HAL_UART_Receive_IT
                0x08004a12       0x4a ./Drivers/STM32F4xx_HAL_Driver/Src/stm32f4xx_hal_uart.o
                0x08004a12                HAL_UART_Receive_IT
 .text.HAL_UART_AbortReceive_IT
                0x08004a5c      0x164 ./Drivers/STM32F4xx_HAL_Driver/Src/stm32f4xx_hal_uart.o
                0x08004a5c                HAL_UART_AbortReceive_IT
 .text.HAL_UART_IRQHandler
                0x08004bc0      0x524 ./Drivers/STM32F4xx_HAL_Driver/Src/stm32f4xx_hal_uart.o
                0x08004bc0                HAL_UART_IRQHandler
 .text.HAL_UART_TxCpltCallback
                0x080050e4       0x14 ./Drivers/STM32F4xx_HAL_Driver/Src/stm32f4xx_hal_uart.o
                0x080050e4                HAL_UART_TxCpltCallback
 .text.HAL_UART_RxCpltCallback
                0x080050f8       0x14 ./Drivers/STM32F4xx_HAL_Driver/Src/stm32f4xx_hal_uart.o
                0x080050f8                HAL_UART_RxCpltCallback
 .text.HAL_UART_ErrorCallback
                0x0800510c       0x14 ./Drivers/STM32F4xx_HAL_Driver/Src/stm32f4xx_hal_uart.o
                0x0800510c                HAL_UART_ErrorCallback
 .text.HAL_UART_AbortReceiveCpltCallback
                0x08005120       0x14 ./Drivers/STM32F4xx_HAL_Driver/Src/stm32f4xx_hal_uart.o
                0x08005120                HAL_UART_AbortReceiveCpltCallback
 .text.HAL_UARTEx_RxEventCallback
                0x08005134       0x18 ./Drivers/STM32F4xx_HAL_Driver/Src/stm32f4xx_hal_uart.o
                0x08005134                HAL_UARTEx_RxEventCallback
 .text.UART_WaitOnFlagUntilTimeout
                0x0800514c       0xb2 ./Drivers/STM32F4xx_HAL_Driver/Src/stm32f4xx_hal_uart.o
 .text.UART_Start_Receive_IT
                0x080051fe       0x74 ./Drivers/STM32F4xx_HAL_Driver/Src/stm32f4xx_hal_uart.o
                0x080051fe                UART_Start_Receive_IT
 .text.UART_EndRxTransfer
                0x08005272       0xc6 ./Drivers/STM32F4xx_HAL_Driver/Src/stm32f4xx_hal_uart.o
 .text.UART_DMAAbortOnError
                0x08005338       0x28 ./Drivers/STM32F4xx_HAL_Driver/Src/stm32f4xx_hal_uart.o
 .text.UART_DMARxOnlyAbortCallback
                0x08005360       0x30 ./Drivers/STM32F4xx_HAL_Driver/Src/stm32f4xx_hal_uart.o
 .text.UART_Transmit_IT
                0x08005390       0xa0 ./Drivers/STM32F4xx_HAL_Driver/Src/stm32f4xx_hal_uart.o
 .text.UART_EndTransmit_IT
                0x08005430       0x30 ./Drivers/STM32F4xx_HAL_Driver/Src/stm32f4xx_hal_uart.o
 .text.UART_Receive_IT
                0x08005460      0x17c ./Drivers/STM32F4xx_HAL_Driver/Src/stm32f4xx_hal_uart.o
 .text.UART_SetConfig
                0x080055dc      0x4e8 ./Drivers/STM32F4xx_HAL_Driver/Src/stm32f4xx_hal_uart.o
 .text.SysTick_Handler
                0x08005ac4       0x20 ./Middlewares/Third_Party/FreeRTOS/Source/CMSIS_RTOS_V2/cmsis_os2.o
                0x08005ac4                SysTick_Handler
 .text.vApplicationGetIdleTaskMemory
                0x08005ae4       0x34 ./Middlewares/Third_Party/FreeRTOS/Source/CMSIS_RTOS_V2/cmsis_os2.o
                0x08005ae4                vApplicationGetIdleTaskMemory
 .text.vApplicationGetTimerTaskMemory
                0x08005b18       0x34 ./Middlewares/Third_Party/FreeRTOS/Source/CMSIS_RTOS_V2/cmsis_os2.o
                0x08005b18                vApplicationGetTimerTaskMemory
 .text.vListInitialise
                0x08005b4c       0x40 ./Middlewares/Third_Party/FreeRTOS/Source/list.o
                0x08005b4c                vListInitialise
 .text.vListInitialiseItem
                0x08005b8c       0x1a ./Middlewares/Third_Party/FreeRTOS/Source/list.o
                0x08005b8c                vListInitialiseItem
 .text.vListInsertEnd
                0x08005ba6       0x48 ./Middlewares/Third_Party/FreeRTOS/Source/list.o
                0x08005ba6                vListInsertEnd
 .text.vListInsert
                0x08005bee       0x72 ./Middlewares/Third_Party/FreeRTOS/Source/list.o
                0x08005bee                vListInsert
 .text.uxListRemove
                0x08005c60       0x54 ./Middlewares/Third_Party/FreeRTOS/Source/list.o
                0x08005c60                uxListRemove
 .text.xQueueGenericReset
                0x08005cb4       0xd4 ./Middlewares/Third_Party/FreeRTOS/Source/queue.o
                0x08005cb4                xQueueGenericReset
 .text.xQueueGenericCreateStatic
                0x08005d88       0xfa ./Middlewares/Third_Party/FreeRTOS/Source/queue.o
                0x08005d88                xQueueGenericCreateStatic
 .text.prvInitialiseNewQueue
                0x08005e82       0x46 ./Middlewares/Third_Party/FreeRTOS/Source/queue.o
 .text.xQueueGenericSend
                0x08005ec8      0x204 ./Middlewares/Third_Party/FreeRTOS/Source/queue.o
                0x08005ec8                xQueueGenericSend
 .text.xQueueGenericSendFromISR
                0x080060cc      0x13c ./Middlewares/Third_Party/FreeRTOS/Source/queue.o
                0x080060cc                xQueueGenericSendFromISR
 .text.xQueueReceive
                0x08006208      0x1c4 ./Middlewares/Third_Party/FreeRTOS/Source/queue.o
                0x08006208                xQueueReceive
 .text.prvCopyDataToQueue
                0x080063cc       0xd4 ./Middlewares/Third_Party/FreeRTOS/Source/queue.o
 .text.prvCopyDataFromQueue
                0x080064a0       0x4c ./Middlewares/Third_Party/FreeRTOS/Source/queue.o
 .text.prvUnlockQueue
                0x080064ec       0xa4 ./Middlewares/Third_Party/FreeRTOS/Source/queue.o
 .text.prvIsQueueEmpty
                0x08006590       0x2c ./Middlewares/Third_Party/FreeRTOS/Source/queue.o
 .text.prvIsQueueFull
                0x080065bc       0x30 ./Middlewares/Third_Party/FreeRTOS/Source/queue.o
 .text.vQueueAddToRegistry
                0x080065ec       0x54 ./Middlewares/Third_Party/FreeRTOS/Source/queue.o
                0x080065ec                vQueueAddToRegistry
 .text.vQueueWaitForMessageRestricted
                0x08006640       0x68 ./Middlewares/Third_Party/FreeRTOS/Source/queue.o
                0x08006640                vQueueWaitForMessageRestricted
 .text.xTaskCreateStatic
                0x080066a8       0xc0 ./Middlewares/Third_Party/FreeRTOS/Source/tasks.o
                0x080066a8                xTaskCreateStatic
 .text.xTaskCreate
                0x08006768       0x8a ./Middlewares/Third_Party/FreeRTOS/Source/tasks.o
                0x08006768                xTaskCreate
 *fill*         0x080067f2        0x2 
 .text.prvInitialiseNewTask
                0x080067f4      0x150 ./Middlewares/Third_Party/FreeRTOS/Source/tasks.o
 .text.prvAddNewTaskToReadyList
                0x08006944       0xe0 ./Middlewares/Third_Party/FreeRTOS/Source/tasks.o
 .text.vTaskDelay
                0x08006a24       0x6c ./Middlewares/Third_Party/FreeRTOS/Source/tasks.o
                0x08006a24                vTaskDelay
 .text.vTaskStartScheduler
                0x08006a90       0xe0 ./Middlewares/Third_Party/FreeRTOS/Source/tasks.o
                0x08006a90                vTaskStartScheduler
 .text.vTaskSuspendAll
                0x08006b70       0x1c ./Middlewares/Third_Party/FreeRTOS/Source/tasks.o
                0x08006b70                vTaskSuspendAll
 .text.xTaskResumeAll
                0x08006b8c      0x13c ./Middlewares/Third_Party/FreeRTOS/Source/tasks.o
                0x08006b8c                xTaskResumeAll
 .text.xTaskGetTickCount
                0x08006cc8       0x20 ./Middlewares/Third_Party/FreeRTOS/Source/tasks.o
                0x08006cc8                xTaskGetTickCount
 .text.xTaskIncrementTick
                0x08006ce8      0x174 ./Middlewares/Third_Party/FreeRTOS/Source/tasks.o
                0x08006ce8                xTaskIncrementTick
 .text.vTaskSwitchContext
                0x08006e5c       0xcc ./Middlewares/Third_Party/FreeRTOS/Source/tasks.o
                0x08006e5c                vTaskSwitchContext
 .text.vTaskPlaceOnEventList
                0x08006f28       0x4c ./Middlewares/Third_Party/FreeRTOS/Source/tasks.o
                0x08006f28                vTaskPlaceOnEventList
 .text.vTaskPlaceOnEventListRestricted
                0x08006f74       0x58 ./Middlewares/Third_Party/FreeRTOS/Source/tasks.o
                0x08006f74                vTaskPlaceOnEventListRestricted
 .text.xTaskRemoveFromEventList
                0x08006fcc       0xc8 ./Middlewares/Third_Party/FreeRTOS/Source/tasks.o
                0x08006fcc                xTaskRemoveFromEventList
 .text.vTaskInternalSetTimeOutState
                0x08007094       0x2c ./Middlewares/Third_Party/FreeRTOS/Source/tasks.o
                0x08007094                vTaskInternalSetTimeOutState
 .text.xTaskCheckForTimeOut
                0x080070c0       0xc8 ./Middlewares/Third_Party/FreeRTOS/Source/tasks.o
                0x080070c0                xTaskCheckForTimeOut
 .text.vTaskMissedYield
                0x08007188       0x18 ./Middlewares/Third_Party/FreeRTOS/Source/tasks.o
                0x08007188                vTaskMissedYield
 .text.prvIdleTask
                0x080071a0       0x30 ./Middlewares/Third_Party/FreeRTOS/Source/tasks.o
 .text.prvInitialiseTaskLists
                0x080071d0       0x80 ./Middlewares/Third_Party/FreeRTOS/Source/tasks.o
 .text.prvCheckTasksWaitingTermination
                0x08007250       0x5c ./Middlewares/Third_Party/FreeRTOS/Source/tasks.o
 .text.prvDeleteTCB
                0x080072ac       0x6a ./Middlewares/Third_Party/FreeRTOS/Source/tasks.o
 *fill*         0x08007316        0x2 
 .text.prvResetNextTaskUnblockTime
                0x08007318       0x40 ./Middlewares/Third_Party/FreeRTOS/Source/tasks.o
 .text.xTaskGetSchedulerState
                0x08007358       0x3c ./Middlewares/Third_Party/FreeRTOS/Source/tasks.o
                0x08007358                xTaskGetSchedulerState
 .text.xTaskPriorityDisinherit
                0x08007394       0xe0 ./Middlewares/Third_Party/FreeRTOS/Source/tasks.o
                0x08007394                xTaskPriorityDisinherit
 .text.prvAddCurrentTaskToDelayedList
                0x08007474       0xa8 ./Middlewares/Third_Party/FreeRTOS/Source/tasks.o
 .text.xTimerCreateTimerTask
                0x0800751c       0x94 ./Middlewares/Third_Party/FreeRTOS/Source/timers.o
                0x0800751c                xTimerCreateTimerTask
 .text.xTimerGenericCommand
                0x080075b0       0x9c ./Middlewares/Third_Party/FreeRTOS/Source/timers.o
                0x080075b0                xTimerGenericCommand
 .text.prvProcessExpiredTimer
                0x0800764c       0x9c ./Middlewares/Third_Party/FreeRTOS/Source/timers.o
 .text.prvTimerTask
                0x080076e8       0x26 ./Middlewares/Third_Party/FreeRTOS/Source/timers.o
 *fill*         0x0800770e        0x2 
 .text.prvProcessTimerOrBlockTask
                0x08007710       0x9c ./Middlewares/Third_Party/FreeRTOS/Source/timers.o
 .text.prvGetNextExpireTime
                0x080077ac       0x48 ./Middlewares/Third_Party/FreeRTOS/Source/timers.o
 .text.prvSampleTimeNow
                0x080077f4       0x40 ./Middlewares/Third_Party/FreeRTOS/Source/timers.o
 .text.prvInsertTimerInActiveList
                0x08007834       0x84 ./Middlewares/Third_Party/FreeRTOS/Source/timers.o
 .text.prvProcessReceivedCommands
                0x080078b8      0x1cc ./Middlewares/Third_Party/FreeRTOS/Source/timers.o
 .text.prvSwitchTimerLists
                0x08007a84       0xcc ./Middlewares/Third_Party/FreeRTOS/Source/timers.o
 .text.prvCheckForValidListAndQueue
                0x08007b50       0x80 ./Middlewares/Third_Party/FreeRTOS/Source/timers.o
 .text.pxPortInitialiseStack
                0x08007bd0       0x68 ./Middlewares/Third_Party/FreeRTOS/Source/portable/GCC/ARM_CM4F/port.o
                0x08007bd0                pxPortInitialiseStack
 .text.prvTaskExitError
                0x08007c38       0x5c ./Middlewares/Third_Party/FreeRTOS/Source/portable/GCC/ARM_CM4F/port.o
 *fill*         0x08007c94        0xc 
 .text.SVC_Handler
                0x08007ca0       0x28 ./Middlewares/Third_Party/FreeRTOS/Source/portable/GCC/ARM_CM4F/port.o
                0x08007ca0                SVC_Handler
 .text.prvPortStartFirstTask
                0x08007cc8       0x28 ./Middlewares/Third_Party/FreeRTOS/Source/portable/GCC/ARM_CM4F/port.o
 .text.xPortStartScheduler
                0x08007cf0      0x148 ./Middlewares/Third_Party/FreeRTOS/Source/portable/GCC/ARM_CM4F/port.o
                0x08007cf0                xPortStartScheduler
 .text.vPortEnterCritical
                0x08007e38       0x64 ./Middlewares/Third_Party/FreeRTOS/Source/portable/GCC/ARM_CM4F/port.o
                0x08007e38                vPortEnterCritical
 .text.vPortExitCritical
                0x08007e9c       0x54 ./Middlewares/Third_Party/FreeRTOS/Source/portable/GCC/ARM_CM4F/port.o
                0x08007e9c                vPortExitCritical
 .text.PendSV_Handler
                0x08007ef0       0x68 ./Middlewares/Third_Party/FreeRTOS/Source/portable/GCC/ARM_CM4F/port.o
                0x08007ef0                PendSV_Handler
 .text.xPortSysTickHandler
                0x08007f58       0x44 ./Middlewares/Third_Party/FreeRTOS/Source/portable/GCC/ARM_CM4F/port.o
                0x08007f58                xPortSysTickHandler
 .text.vPortSetupTimerInterrupt
                0x08007f9c       0x48 ./Middlewares/Third_Party/FreeRTOS/Source/portable/GCC/ARM_CM4F/port.o
                0x08007f9c                vPortSetupTimerInterrupt
 .text.vPortEnableVFP
                0x08007fe4       0x14 ./Middlewares/Third_Party/FreeRTOS/Source/portable/GCC/ARM_CM4F/port.o
 .text.vPortValidateInterruptPriority
                0x08007ff8       0x84 ./Middlewares/Third_Party/FreeRTOS/Source/portable/GCC/ARM_CM4F/port.o
                0x08007ff8                vPortValidateInterruptPriority
 .text.pvPortMalloc
                0x0800807c      0x19c ./Middlewares/Third_Party/FreeRTOS/Source/portable/MemMang/heap_4.o
                0x0800807c                pvPortMalloc
 .text.vPortFree
                0x08008218       0xc8 ./Middlewares/Third_Party/FreeRTOS/Source/portable/MemMang/heap_4.o
                0x08008218                vPortFree
 .text.prvHeapInit
                0x080082e0       0xc4 ./Middlewares/Third_Party/FreeRTOS/Source/portable/MemMang/heap_4.o
 .text.prvInsertBlockIntoFreeList
                0x080083a4       0xb4 ./Middlewares/Third_Party/FreeRTOS/Source/portable/MemMang/heap_4.o
 .text.atoi     0x08008458        0x8 C:/ST/STM32CubeIDE_1.14.1/STM32CubeIDE/plugins/com.st.stm32cube.ide.mcu.externaltools.gnu-tools-for-stm32.12.3.rel1.win32_1.0.100.202403111256/tools/bin/../lib/gcc/arm-none-eabi/12.3.1/../../../../arm-none-eabi/lib/thumb/v7e-m+fp/hard\libc_nano.a(libc_a-atoi.o)
                0x08008458                atoi
 .text._strtol_l.constprop.0
                0x08008460       0xf4 C:/ST/STM32CubeIDE_1.14.1/STM32CubeIDE/plugins/com.st.stm32cube.ide.mcu.externaltools.gnu-tools-for-stm32.12.3.rel1.win32_1.0.100.202403111256/tools/bin/../lib/gcc/arm-none-eabi/12.3.1/../../../../arm-none-eabi/lib/thumb/v7e-m+fp/hard\libc_nano.a(libc_a-strtol.o)
 .text.strtol   0x08008554       0x14 C:/ST/STM32CubeIDE_1.14.1/STM32CubeIDE/plugins/com.st.stm32cube.ide.mcu.externaltools.gnu-tools-for-stm32.12.3.rel1.win32_1.0.100.202403111256/tools/bin/../lib/gcc/arm-none-eabi/12.3.1/../../../../arm-none-eabi/lib/thumb/v7e-m+fp/hard\libc_nano.a(libc_a-strtol.o)
                0x08008554                strtol
 .text.__cvt    0x08008568       0xca C:/ST/STM32CubeIDE_1.14.1/STM32CubeIDE/plugins/com.st.stm32cube.ide.mcu.externaltools.gnu-tools-for-stm32.12.3.rel1.win32_1.0.100.202403111256/tools/bin/../lib/gcc/arm-none-eabi/12.3.1/../../../../arm-none-eabi/lib/thumb/v7e-m+fp/hard\libc_nano.a(libc_a-nano-vfprintf_float.o)
                0x08008568                __cvt
 .text.__exponent
                0x08008632       0x74 C:/ST/STM32CubeIDE_1.14.1/STM32CubeIDE/plugins/com.st.stm32cube.ide.mcu.externaltools.gnu-tools-for-stm32.12.3.rel1.win32_1.0.100.202403111256/tools/bin/../lib/gcc/arm-none-eabi/12.3.1/../../../../arm-none-eabi/lib/thumb/v7e-m+fp/hard\libc_nano.a(libc_a-nano-vfprintf_float.o)
                0x08008632                __exponent
 *fill*         0x080086a6        0x2 
 .text._printf_float
                0x080086a8      0x454 C:/ST/STM32CubeIDE_1.14.1/STM32CubeIDE/plugins/com.st.stm32cube.ide.mcu.externaltools.gnu-tools-for-stm32.12.3.rel1.win32_1.0.100.202403111256/tools/bin/../lib/gcc/arm-none-eabi/12.3.1/../../../../arm-none-eabi/lib/thumb/v7e-m+fp/hard\libc_nano.a(libc_a-nano-vfprintf_float.o)
                0x080086a8                _printf_float
 .text._printf_common
                0x08008afc       0xda C:/ST/STM32CubeIDE_1.14.1/STM32CubeIDE/plugins/com.st.stm32cube.ide.mcu.externaltools.gnu-tools-for-stm32.12.3.rel1.win32_1.0.100.202403111256/tools/bin/../lib/gcc/arm-none-eabi/12.3.1/../../../../arm-none-eabi/lib/thumb/v7e-m+fp/hard\libc_nano.a(libc_a-nano-vfprintf_i.o)
                0x08008afc                _printf_common
 *fill*         0x08008bd6        0x2 
 .text._printf_i
                0x08008bd8      0x240 C:/ST/STM32CubeIDE_1.14.1/STM32CubeIDE/plugins/com.st.stm32cube.ide.mcu.externaltools.gnu-tools-for-stm32.12.3.rel1.win32_1.0.100.202403111256/tools/bin/../lib/gcc/arm-none-eabi/12.3.1/../../../../arm-none-eabi/lib/thumb/v7e-m+fp/hard\libc_nano.a(libc_a-nano-vfprintf_i.o)
                0x08008bd8                _printf_i
 .text.std      0x08008e18       0x6c C:/ST/STM32CubeIDE_1.14.1/STM32CubeIDE/plugins/com.st.stm32cube.ide.mcu.externaltools.gnu-tools-for-stm32.12.3.rel1.win32_1.0.100.202403111256/tools/bin/../lib/gcc/arm-none-eabi/12.3.1/../../../../arm-none-eabi/lib/thumb/v7e-m+fp/hard\libc_nano.a(libc_a-findfp.o)
 .text.stdio_exit_handler
                0x08008e84       0x18 C:/ST/STM32CubeIDE_1.14.1/STM32CubeIDE/plugins/com.st.stm32cube.ide.mcu.externaltools.gnu-tools-for-stm32.12.3.rel1.win32_1.0.100.202403111256/tools/bin/../lib/gcc/arm-none-eabi/12.3.1/../../../../arm-none-eabi/lib/thumb/v7e-m+fp/hard\libc_nano.a(libc_a-findfp.o)
 .text.cleanup_stdio
                0x08008e9c       0x40 C:/ST/STM32CubeIDE_1.14.1/STM32CubeIDE/plugins/com.st.stm32cube.ide.mcu.externaltools.gnu-tools-for-stm32.12.3.rel1.win32_1.0.100.202403111256/tools/bin/../lib/gcc/arm-none-eabi/12.3.1/../../../../arm-none-eabi/lib/thumb/v7e-m+fp/hard\libc_nano.a(libc_a-findfp.o)
 .text.global_stdio_init.part.0
                0x08008edc       0x3c C:/ST/STM32CubeIDE_1.14.1/STM32CubeIDE/plugins/com.st.stm32cube.ide.mcu.externaltools.gnu-tools-for-stm32.12.3.rel1.win32_1.0.100.202403111256/tools/bin/../lib/gcc/arm-none-eabi/12.3.1/../../../../arm-none-eabi/lib/thumb/v7e-m+fp/hard\libc_nano.a(libc_a-findfp.o)
 .text.__sfp_lock_acquire
                0x08008f18        0xc C:/ST/STM32CubeIDE_1.14.1/STM32CubeIDE/plugins/com.st.stm32cube.ide.mcu.externaltools.gnu-tools-for-stm32.12.3.rel1.win32_1.0.100.202403111256/tools/bin/../lib/gcc/arm-none-eabi/12.3.1/../../../../arm-none-eabi/lib/thumb/v7e-m+fp/hard\libc_nano.a(libc_a-findfp.o)
                0x08008f18                __sfp_lock_acquire
 .text.__sfp_lock_release
                0x08008f24        0xc C:/ST/STM32CubeIDE_1.14.1/STM32CubeIDE/plugins/com.st.stm32cube.ide.mcu.externaltools.gnu-tools-for-stm32.12.3.rel1.win32_1.0.100.202403111256/tools/bin/../lib/gcc/arm-none-eabi/12.3.1/../../../../arm-none-eabi/lib/thumb/v7e-m+fp/hard\libc_nano.a(libc_a-findfp.o)
                0x08008f24                __sfp_lock_release
 .text.__sinit  0x08008f30       0x30 C:/ST/STM32CubeIDE_1.14.1/STM32CubeIDE/plugins/com.st.stm32cube.ide.mcu.externaltools.gnu-tools-for-stm32.12.3.rel1.win32_1.0.100.202403111256/tools/bin/../lib/gcc/arm-none-eabi/12.3.1/../../../../arm-none-eabi/lib/thumb/v7e-m+fp/hard\libc_nano.a(libc_a-findfp.o)
                0x08008f30                __sinit
 .text._fwalk_sglue
                0x08008f60       0x3c C:/ST/STM32CubeIDE_1.14.1/STM32CubeIDE/plugins/com.st.stm32cube.ide.mcu.externaltools.gnu-tools-for-stm32.12.3.rel1.win32_1.0.100.202403111256/tools/bin/../lib/gcc/arm-none-eabi/12.3.1/../../../../arm-none-eabi/lib/thumb/v7e-m+fp/hard\libc_nano.a(libc_a-fwalk.o)
                0x08008f60                _fwalk_sglue
 .text.snprintf
                0x08008f9c       0x68 C:/ST/STM32CubeIDE_1.14.1/STM32CubeIDE/plugins/com.st.stm32cube.ide.mcu.externaltools.gnu-tools-for-stm32.12.3.rel1.win32_1.0.100.202403111256/tools/bin/../lib/gcc/arm-none-eabi/12.3.1/../../../../arm-none-eabi/lib/thumb/v7e-m+fp/hard\libc_nano.a(libc_a-snprintf.o)
                0x08008f9c                sniprintf
                0x08008f9c                snprintf
 .text.sprintf  0x08009004       0x40 C:/ST/STM32CubeIDE_1.14.1/STM32CubeIDE/plugins/com.st.stm32cube.ide.mcu.externaltools.gnu-tools-for-stm32.12.3.rel1.win32_1.0.100.202403111256/tools/bin/../lib/gcc/arm-none-eabi/12.3.1/../../../../arm-none-eabi/lib/thumb/v7e-m+fp/hard\libc_nano.a(libc_a-sprintf.o)
                0x08009004                siprintf
                0x08009004                sprintf
 .text.__sread  0x08009044       0x22 C:/ST/STM32CubeIDE_1.14.1/STM32CubeIDE/plugins/com.st.stm32cube.ide.mcu.externaltools.gnu-tools-for-stm32.12.3.rel1.win32_1.0.100.202403111256/tools/bin/../lib/gcc/arm-none-eabi/12.3.1/../../../../arm-none-eabi/lib/thumb/v7e-m+fp/hard\libc_nano.a(libc_a-stdio.o)
                0x08009044                __sread
 .text.__swrite
                0x08009066       0x38 C:/ST/STM32CubeIDE_1.14.1/STM32CubeIDE/plugins/com.st.stm32cube.ide.mcu.externaltools.gnu-tools-for-stm32.12.3.rel1.win32_1.0.100.202403111256/tools/bin/../lib/gcc/arm-none-eabi/12.3.1/../../../../arm-none-eabi/lib/thumb/v7e-m+fp/hard\libc_nano.a(libc_a-stdio.o)
                0x08009066                __swrite
 .text.__sseek  0x0800909e       0x24 C:/ST/STM32CubeIDE_1.14.1/STM32CubeIDE/plugins/com.st.stm32cube.ide.mcu.externaltools.gnu-tools-for-stm32.12.3.rel1.win32_1.0.100.202403111256/tools/bin/../lib/gcc/arm-none-eabi/12.3.1/../../../../arm-none-eabi/lib/thumb/v7e-m+fp/hard\libc_nano.a(libc_a-stdio.o)
                0x0800909e                __sseek
 .text.__sclose
                0x080090c2        0x8 C:/ST/STM32CubeIDE_1.14.1/STM32CubeIDE/plugins/com.st.stm32cube.ide.mcu.externaltools.gnu-tools-for-stm32.12.3.rel1.win32_1.0.100.202403111256/tools/bin/../lib/gcc/arm-none-eabi/12.3.1/../../../../arm-none-eabi/lib/thumb/v7e-m+fp/hard\libc_nano.a(libc_a-stdio.o)
                0x080090c2                __sclose
 .text.memset   0x080090ca       0x10 C:/ST/STM32CubeIDE_1.14.1/STM32CubeIDE/plugins/com.st.stm32cube.ide.mcu.externaltools.gnu-tools-for-stm32.12.3.rel1.win32_1.0.100.202403111256/tools/bin/../lib/gcc/arm-none-eabi/12.3.1/../../../../arm-none-eabi/lib/thumb/v7e-m+fp/hard\libc_nano.a(libc_a-memset.o)
                0x080090ca                memset
 .text.strchr   0x080090da       0x1a C:/ST/STM32CubeIDE_1.14.1/STM32CubeIDE/plugins/com.st.stm32cube.ide.mcu.externaltools.gnu-tools-for-stm32.12.3.rel1.win32_1.0.100.202403111256/tools/bin/../lib/gcc/arm-none-eabi/12.3.1/../../../../arm-none-eabi/lib/thumb/v7e-m+fp/hard\libc_nano.a(libc_a-strchr.o)
                0x080090da                strchr
 .text.strncpy  0x080090f4       0x26 C:/ST/STM32CubeIDE_1.14.1/STM32CubeIDE/plugins/com.st.stm32cube.ide.mcu.externaltools.gnu-tools-for-stm32.12.3.rel1.win32_1.0.100.202403111256/tools/bin/../lib/gcc/arm-none-eabi/12.3.1/../../../../arm-none-eabi/lib/thumb/v7e-m+fp/hard\libc_nano.a(libc_a-strncpy.o)
                0x080090f4                strncpy
 *fill*         0x0800911a        0x2 
 .text.strtok   0x0800911c       0x68 C:/ST/STM32CubeIDE_1.14.1/STM32CubeIDE/plugins/com.st.stm32cube.ide.mcu.externaltools.gnu-tools-for-stm32.12.3.rel1.win32_1.0.100.202403111256/tools/bin/../lib/gcc/arm-none-eabi/12.3.1/../../../../arm-none-eabi/lib/thumb/v7e-m+fp/hard\libc_nano.a(libc_a-strtok.o)
                0x0800911c                strtok
 .text.__strtok_r
                0x08009184       0x50 C:/ST/STM32CubeIDE_1.14.1/STM32CubeIDE/plugins/com.st.stm32cube.ide.mcu.externaltools.gnu-tools-for-stm32.12.3.rel1.win32_1.0.100.202403111256/tools/bin/../lib/gcc/arm-none-eabi/12.3.1/../../../../arm-none-eabi/lib/thumb/v7e-m+fp/hard\libc_nano.a(libc_a-strtok_r.o)
                0x08009184                __strtok_r
 .text.strstr   0x080091d4       0x2c C:/ST/STM32CubeIDE_1.14.1/STM32CubeIDE/plugins/com.st.stm32cube.ide.mcu.externaltools.gnu-tools-for-stm32.12.3.rel1.win32_1.0.100.202403111256/tools/bin/../lib/gcc/arm-none-eabi/12.3.1/../../../../arm-none-eabi/lib/thumb/v7e-m+fp/hard\libc_nano.a(libc_a-strstr.o)
                0x080091d4                strstr
 .text._localeconv_r
                0x08009200        0x8 C:/ST/STM32CubeIDE_1.14.1/STM32CubeIDE/plugins/com.st.stm32cube.ide.mcu.externaltools.gnu-tools-for-stm32.12.3.rel1.win32_1.0.100.202403111256/tools/bin/../lib/gcc/arm-none-eabi/12.3.1/../../../../arm-none-eabi/lib/thumb/v7e-m+fp/hard\libc_nano.a(libc_a-localeconv.o)
                0x08009200                _localeconv_r
 .text._close_r
                0x08009208       0x20 C:/ST/STM32CubeIDE_1.14.1/STM32CubeIDE/plugins/com.st.stm32cube.ide.mcu.externaltools.gnu-tools-for-stm32.12.3.rel1.win32_1.0.100.202403111256/tools/bin/../lib/gcc/arm-none-eabi/12.3.1/../../../../arm-none-eabi/lib/thumb/v7e-m+fp/hard\libc_nano.a(libc_a-closer.o)
                0x08009208                _close_r
 .text._reclaim_reent
                0x08009228       0xac C:/ST/STM32CubeIDE_1.14.1/STM32CubeIDE/plugins/com.st.stm32cube.ide.mcu.externaltools.gnu-tools-for-stm32.12.3.rel1.win32_1.0.100.202403111256/tools/bin/../lib/gcc/arm-none-eabi/12.3.1/../../../../arm-none-eabi/lib/thumb/v7e-m+fp/hard\libc_nano.a(libc_a-reent.o)
                0x08009228                _reclaim_reent
 .text._lseek_r
                0x080092d4       0x24 C:/ST/STM32CubeIDE_1.14.1/STM32CubeIDE/plugins/com.st.stm32cube.ide.mcu.externaltools.gnu-tools-for-stm32.12.3.rel1.win32_1.0.100.202403111256/tools/bin/../lib/gcc/arm-none-eabi/12.3.1/../../../../arm-none-eabi/lib/thumb/v7e-m+fp/hard\libc_nano.a(libc_a-lseekr.o)
                0x080092d4                _lseek_r
 .text._read_r  0x080092f8       0x24 C:/ST/STM32CubeIDE_1.14.1/STM32CubeIDE/plugins/com.st.stm32cube.ide.mcu.externaltools.gnu-tools-for-stm32.12.3.rel1.win32_1.0.100.202403111256/tools/bin/../lib/gcc/arm-none-eabi/12.3.1/../../../../arm-none-eabi/lib/thumb/v7e-m+fp/hard\libc_nano.a(libc_a-readr.o)
                0x080092f8                _read_r
 .text._write_r
                0x0800931c       0x24 C:/ST/STM32CubeIDE_1.14.1/STM32CubeIDE/plugins/com.st.stm32cube.ide.mcu.externaltools.gnu-tools-for-stm32.12.3.rel1.win32_1.0.100.202403111256/tools/bin/../lib/gcc/arm-none-eabi/12.3.1/../../../../arm-none-eabi/lib/thumb/v7e-m+fp/hard\libc_nano.a(libc_a-writer.o)
                0x0800931c                _write_r
 .text.__errno  0x08009340        0xc C:/ST/STM32CubeIDE_1.14.1/STM32CubeIDE/plugins/com.st.stm32cube.ide.mcu.externaltools.gnu-tools-for-stm32.12.3.rel1.win32_1.0.100.202403111256/tools/bin/../lib/gcc/arm-none-eabi/12.3.1/../../../../arm-none-eabi/lib/thumb/v7e-m+fp/hard\libc_nano.a(libc_a-errno.o)
                0x08009340                __errno
 .text.__libc_init_array
                0x0800934c       0x48 C:/ST/STM32CubeIDE_1.14.1/STM32CubeIDE/plugins/com.st.stm32cube.ide.mcu.externaltools.gnu-tools-for-stm32.12.3.rel1.win32_1.0.100.202403111256/tools/bin/../lib/gcc/arm-none-eabi/12.3.1/../../../../arm-none-eabi/lib/thumb/v7e-m+fp/hard\libc_nano.a(libc_a-init.o)
                0x0800934c                __libc_init_array
 .text.__retarget_lock_init_recursive
                0x08009394        0x2 C:/ST/STM32CubeIDE_1.14.1/STM32CubeIDE/plugins/com.st.stm32cube.ide.mcu.externaltools.gnu-tools-for-stm32.12.3.rel1.win32_1.0.100.202403111256/tools/bin/../lib/gcc/arm-none-eabi/12.3.1/../../../../arm-none-eabi/lib/thumb/v7e-m+fp/hard\libc_nano.a(libc_a-lock.o)
                0x08009394                __retarget_lock_init_recursive
 .text.__retarget_lock_acquire_recursive
                0x08009396        0x2 C:/ST/STM32CubeIDE_1.14.1/STM32CubeIDE/plugins/com.st.stm32cube.ide.mcu.externaltools.gnu-tools-for-stm32.12.3.rel1.win32_1.0.100.202403111256/tools/bin/../lib/gcc/arm-none-eabi/12.3.1/../../../../arm-none-eabi/lib/thumb/v7e-m+fp/hard\libc_nano.a(libc_a-lock.o)
                0x08009396                __retarget_lock_acquire_recursive
 .text.__retarget_lock_release_recursive
                0x08009398        0x2 C:/ST/STM32CubeIDE_1.14.1/STM32CubeIDE/plugins/com.st.stm32cube.ide.mcu.externaltools.gnu-tools-for-stm32.12.3.rel1.win32_1.0.100.202403111256/tools/bin/../lib/gcc/arm-none-eabi/12.3.1/../../../../arm-none-eabi/lib/thumb/v7e-m+fp/hard\libc_nano.a(libc_a-lock.o)
                0x08009398                __retarget_lock_release_recursive
 .text.strcpy   0x0800939a       0x10 C:/ST/STM32CubeIDE_1.14.1/STM32CubeIDE/plugins/com.st.stm32cube.ide.mcu.externaltools.gnu-tools-for-stm32.12.3.rel1.win32_1.0.100.202403111256/tools/bin/../lib/gcc/arm-none-eabi/12.3.1/../../../../arm-none-eabi/lib/thumb/v7e-m+fp/hard\libc_nano.a(libc_a-strcpy.o)
                0x0800939a                strcpy
 .text.memcpy   0x080093aa       0x1c C:/ST/STM32CubeIDE_1.14.1/STM32CubeIDE/plugins/com.st.stm32cube.ide.mcu.externaltools.gnu-tools-for-stm32.12.3.rel1.win32_1.0.100.202403111256/tools/bin/../lib/gcc/arm-none-eabi/12.3.1/../../../../arm-none-eabi/lib/thumb/v7e-m+fp/hard\libc_nano.a(libc_a-memcpy-stub.o)
                0x080093aa                memcpy
 *fill*         0x080093c6        0x2 
 .text.__assert_func
                0x080093c8       0x3c C:/ST/STM32CubeIDE_1.14.1/STM32CubeIDE/plugins/com.st.stm32cube.ide.mcu.externaltools.gnu-tools-for-stm32.12.3.rel1.win32_1.0.100.202403111256/tools/bin/../lib/gcc/arm-none-eabi/12.3.1/../../../../arm-none-eabi/lib/thumb/v7e-m+fp/hard\libc_nano.a(libc_a-assert.o)
                0x080093c8                __assert_func
 .text.quorem   0x08009404      0x110 C:/ST/STM32CubeIDE_1.14.1/STM32CubeIDE/plugins/com.st.stm32cube.ide.mcu.externaltools.gnu-tools-for-stm32.12.3.rel1.win32_1.0.100.202403111256/tools/bin/../lib/gcc/arm-none-eabi/12.3.1/../../../../arm-none-eabi/lib/thumb/v7e-m+fp/hard\libc_nano.a(libc_a-dtoa.o)
 *fill*         0x08009514        0x4 
 .text._dtoa_r  0x08009518      0xb88 C:/ST/STM32CubeIDE_1.14.1/STM32CubeIDE/plugins/com.st.stm32cube.ide.mcu.externaltools.gnu-tools-for-stm32.12.3.rel1.win32_1.0.100.202403111256/tools/bin/../lib/gcc/arm-none-eabi/12.3.1/../../../../arm-none-eabi/lib/thumb/v7e-m+fp/hard\libc_nano.a(libc_a-dtoa.o)
                0x08009518                _dtoa_r
 .text._free_r  0x0800a0a0       0x94 C:/ST/STM32CubeIDE_1.14.1/STM32CubeIDE/plugins/com.st.stm32cube.ide.mcu.externaltools.gnu-tools-for-stm32.12.3.rel1.win32_1.0.100.202403111256/tools/bin/../lib/gcc/arm-none-eabi/12.3.1/../../../../arm-none-eabi/lib/thumb/v7e-m+fp/hard\libc_nano.a(libc_a-freer.o)
                0x0800a0a0                _free_r
 .text.malloc   0x0800a134       0x10 C:/ST/STM32CubeIDE_1.14.1/STM32CubeIDE/plugins/com.st.stm32cube.ide.mcu.externaltools.gnu-tools-for-stm32.12.3.rel1.win32_1.0.100.202403111256/tools/bin/../lib/gcc/arm-none-eabi/12.3.1/../../../../arm-none-eabi/lib/thumb/v7e-m+fp/hard\libc_nano.a(libc_a-malloc.o)
                0x0800a134                malloc
 .text.sbrk_aligned
                0x0800a144       0x44 C:/ST/STM32CubeIDE_1.14.1/STM32CubeIDE/plugins/com.st.stm32cube.ide.mcu.externaltools.gnu-tools-for-stm32.12.3.rel1.win32_1.0.100.202403111256/tools/bin/../lib/gcc/arm-none-eabi/12.3.1/../../../../arm-none-eabi/lib/thumb/v7e-m+fp/hard\libc_nano.a(libc_a-mallocr.o)
 .text._malloc_r
                0x0800a188      0x100 C:/ST/STM32CubeIDE_1.14.1/STM32CubeIDE/plugins/com.st.stm32cube.ide.mcu.externaltools.gnu-tools-for-stm32.12.3.rel1.win32_1.0.100.202403111256/tools/bin/../lib/gcc/arm-none-eabi/12.3.1/../../../../arm-none-eabi/lib/thumb/v7e-m+fp/hard\libc_nano.a(libc_a-mallocr.o)
                0x0800a188                _malloc_r
 .text.__malloc_lock
                0x0800a288        0xc C:/ST/STM32CubeIDE_1.14.1/STM32CubeIDE/plugins/com.st.stm32cube.ide.mcu.externaltools.gnu-tools-for-stm32.12.3.rel1.win32_1.0.100.202403111256/tools/bin/../lib/gcc/arm-none-eabi/12.3.1/../../../../arm-none-eabi/lib/thumb/v7e-m+fp/hard\libc_nano.a(libc_a-mlock.o)
                0x0800a288                __malloc_lock
 .text.__malloc_unlock
                0x0800a294        0xc C:/ST/STM32CubeIDE_1.14.1/STM32CubeIDE/plugins/com.st.stm32cube.ide.mcu.externaltools.gnu-tools-for-stm32.12.3.rel1.win32_1.0.100.202403111256/tools/bin/../lib/gcc/arm-none-eabi/12.3.1/../../../../arm-none-eabi/lib/thumb/v7e-m+fp/hard\libc_nano.a(libc_a-mlock.o)
                0x0800a294                __malloc_unlock
 .text._Balloc  0x0800a2a0       0x80 C:/ST/STM32CubeIDE_1.14.1/STM32CubeIDE/plugins/com.st.stm32cube.ide.mcu.externaltools.gnu-tools-for-stm32.12.3.rel1.win32_1.0.100.202403111256/tools/bin/../lib/gcc/arm-none-eabi/12.3.1/../../../../arm-none-eabi/lib/thumb/v7e-m+fp/hard\libc_nano.a(libc_a-mprec.o)
                0x0800a2a0                _Balloc
 .text._Bfree   0x0800a320       0x44 C:/ST/STM32CubeIDE_1.14.1/STM32CubeIDE/plugins/com.st.stm32cube.ide.mcu.externaltools.gnu-tools-for-stm32.12.3.rel1.win32_1.0.100.202403111256/tools/bin/../lib/gcc/arm-none-eabi/12.3.1/../../../../arm-none-eabi/lib/thumb/v7e-m+fp/hard\libc_nano.a(libc_a-mprec.o)
                0x0800a320                _Bfree
 .text.__multadd
                0x0800a364       0x8c C:/ST/STM32CubeIDE_1.14.1/STM32CubeIDE/plugins/com.st.stm32cube.ide.mcu.externaltools.gnu-tools-for-stm32.12.3.rel1.win32_1.0.100.202403111256/tools/bin/../lib/gcc/arm-none-eabi/12.3.1/../../../../arm-none-eabi/lib/thumb/v7e-m+fp/hard\libc_nano.a(libc_a-mprec.o)
                0x0800a364                __multadd
 .text.__hi0bits
                0x0800a3f0       0x3e C:/ST/STM32CubeIDE_1.14.1/STM32CubeIDE/plugins/com.st.stm32cube.ide.mcu.externaltools.gnu-tools-for-stm32.12.3.rel1.win32_1.0.100.202403111256/tools/bin/../lib/gcc/arm-none-eabi/12.3.1/../../../../arm-none-eabi/lib/thumb/v7e-m+fp/hard\libc_nano.a(libc_a-mprec.o)
                0x0800a3f0                __hi0bits
 .text.__lo0bits
                0x0800a42e       0x5a C:/ST/STM32CubeIDE_1.14.1/STM32CubeIDE/plugins/com.st.stm32cube.ide.mcu.externaltools.gnu-tools-for-stm32.12.3.rel1.win32_1.0.100.202403111256/tools/bin/../lib/gcc/arm-none-eabi/12.3.1/../../../../arm-none-eabi/lib/thumb/v7e-m+fp/hard\libc_nano.a(libc_a-mprec.o)
                0x0800a42e                __lo0bits
 .text.__i2b    0x0800a488       0x2c C:/ST/STM32CubeIDE_1.14.1/STM32CubeIDE/plugins/com.st.stm32cube.ide.mcu.externaltools.gnu-tools-for-stm32.12.3.rel1.win32_1.0.100.202403111256/tools/bin/../lib/gcc/arm-none-eabi/12.3.1/../../../../arm-none-eabi/lib/thumb/v7e-m+fp/hard\libc_nano.a(libc_a-mprec.o)
                0x0800a488                __i2b
 .text.__multiply
                0x0800a4b4      0x154 C:/ST/STM32CubeIDE_1.14.1/STM32CubeIDE/plugins/com.st.stm32cube.ide.mcu.externaltools.gnu-tools-for-stm32.12.3.rel1.win32_1.0.100.202403111256/tools/bin/../lib/gcc/arm-none-eabi/12.3.1/../../../../arm-none-eabi/lib/thumb/v7e-m+fp/hard\libc_nano.a(libc_a-mprec.o)
                0x0800a4b4                __multiply
 .text.__pow5mult
                0x0800a608       0xb4 C:/ST/STM32CubeIDE_1.14.1/STM32CubeIDE/plugins/com.st.stm32cube.ide.mcu.externaltools.gnu-tools-for-stm32.12.3.rel1.win32_1.0.100.202403111256/tools/bin/../lib/gcc/arm-none-eabi/12.3.1/../../../../arm-none-eabi/lib/thumb/v7e-m+fp/hard\libc_nano.a(libc_a-mprec.o)
                0x0800a608                __pow5mult
 .text.__lshift
                0x0800a6bc       0xd8 C:/ST/STM32CubeIDE_1.14.1/STM32CubeIDE/plugins/com.st.stm32cube.ide.mcu.externaltools.gnu-tools-for-stm32.12.3.rel1.win32_1.0.100.202403111256/tools/bin/../lib/gcc/arm-none-eabi/12.3.1/../../../../arm-none-eabi/lib/thumb/v7e-m+fp/hard\libc_nano.a(libc_a-mprec.o)
                0x0800a6bc                __lshift
 .text.__mcmp   0x0800a794       0x36 C:/ST/STM32CubeIDE_1.14.1/STM32CubeIDE/plugins/com.st.stm32cube.ide.mcu.externaltools.gnu-tools-for-stm32.12.3.rel1.win32_1.0.100.202403111256/tools/bin/../lib/gcc/arm-none-eabi/12.3.1/../../../../arm-none-eabi/lib/thumb/v7e-m+fp/hard\libc_nano.a(libc_a-mprec.o)
                0x0800a794                __mcmp
 *fill*         0x0800a7ca        0x2 
 .text.__mdiff  0x0800a7cc      0x128 C:/ST/STM32CubeIDE_1.14.1/STM32CubeIDE/plugins/com.st.stm32cube.ide.mcu.externaltools.gnu-tools-for-stm32.12.3.rel1.win32_1.0.100.202403111256/tools/bin/../lib/gcc/arm-none-eabi/12.3.1/../../../../arm-none-eabi/lib/thumb/v7e-m+fp/hard\libc_nano.a(libc_a-mprec.o)
                0x0800a7cc                __mdiff
 .text.__d2b    0x0800a8f4       0xb0 C:/ST/STM32CubeIDE_1.14.1/STM32CubeIDE/plugins/com.st.stm32cube.ide.mcu.externaltools.gnu-tools-for-stm32.12.3.rel1.win32_1.0.100.202403111256/tools/bin/../lib/gcc/arm-none-eabi/12.3.1/../../../../arm-none-eabi/lib/thumb/v7e-m+fp/hard\libc_nano.a(libc_a-mprec.o)
                0x0800a8f4                __d2b
 .text.__ssputs_r
                0x0800a9a4       0xb6 C:/ST/STM32CubeIDE_1.14.1/STM32CubeIDE/plugins/com.st.stm32cube.ide.mcu.externaltools.gnu-tools-for-stm32.12.3.rel1.win32_1.0.100.202403111256/tools/bin/../lib/gcc/arm-none-eabi/12.3.1/../../../../arm-none-eabi/lib/thumb/v7e-m+fp/hard\libc_nano.a(libc_a-nano-svfprintf.o)
                0x0800a9a4                __ssputs_r
 *fill*         0x0800aa5a        0x2 
 .text._svfprintf_r
                0x0800aa5c      0x1f8 C:/ST/STM32CubeIDE_1.14.1/STM32CubeIDE/plugins/com.st.stm32cube.ide.mcu.externaltools.gnu-tools-for-stm32.12.3.rel1.win32_1.0.100.202403111256/tools/bin/../lib/gcc/arm-none-eabi/12.3.1/../../../../arm-none-eabi/lib/thumb/v7e-m+fp/hard\libc_nano.a(libc_a-nano-svfprintf.o)
                0x0800aa5c                _svfiprintf_r
                0x0800aa5c                _svfprintf_r
 .text.__sflush_r
                0x0800ac54      0x108 C:/ST/STM32CubeIDE_1.14.1/STM32CubeIDE/plugins/com.st.stm32cube.ide.mcu.externaltools.gnu-tools-for-stm32.12.3.rel1.win32_1.0.100.202403111256/tools/bin/../lib/gcc/arm-none-eabi/12.3.1/../../../../arm-none-eabi/lib/thumb/v7e-m+fp/hard\libc_nano.a(libc_a-fflush.o)
                0x0800ac54                __sflush_r
 .text._fflush_r
                0x0800ad5c       0x50 C:/ST/STM32CubeIDE_1.14.1/STM32CubeIDE/plugins/com.st.stm32cube.ide.mcu.externaltools.gnu-tools-for-stm32.12.3.rel1.win32_1.0.100.202403111256/tools/bin/../lib/gcc/arm-none-eabi/12.3.1/../../../../arm-none-eabi/lib/thumb/v7e-m+fp/hard\libc_nano.a(libc_a-fflush.o)
                0x0800ad5c                _fflush_r
 .text.fprintf  0x0800adac       0x24 C:/ST/STM32CubeIDE_1.14.1/STM32CubeIDE/plugins/com.st.stm32cube.ide.mcu.externaltools.gnu-tools-for-stm32.12.3.rel1.win32_1.0.100.202403111256/tools/bin/../lib/gcc/arm-none-eabi/12.3.1/../../../../arm-none-eabi/lib/thumb/v7e-m+fp/hard\libc_nano.a(libc_a-fprintf.o)
                0x0800adac                fiprintf
                0x0800adac                fprintf
 .text.memmove  0x0800add0       0x34 C:/ST/STM32CubeIDE_1.14.1/STM32CubeIDE/plugins/com.st.stm32cube.ide.mcu.externaltools.gnu-tools-for-stm32.12.3.rel1.win32_1.0.100.202403111256/tools/bin/../lib/gcc/arm-none-eabi/12.3.1/../../../../arm-none-eabi/lib/thumb/v7e-m+fp/hard\libc_nano.a(libc_a-memmove.o)
                0x0800add0                memmove
 .text._sbrk_r  0x0800ae04       0x20 C:/ST/STM32CubeIDE_1.14.1/STM32CubeIDE/plugins/com.st.stm32cube.ide.mcu.externaltools.gnu-tools-for-stm32.12.3.rel1.win32_1.0.100.202403111256/tools/bin/../lib/gcc/arm-none-eabi/12.3.1/../../../../arm-none-eabi/lib/thumb/v7e-m+fp/hard\libc_nano.a(libc_a-sbrkr.o)
                0x0800ae04                _sbrk_r
 .text.abort    0x0800ae24        0xe C:/ST/STM32CubeIDE_1.14.1/STM32CubeIDE/plugins/com.st.stm32cube.ide.mcu.externaltools.gnu-tools-for-stm32.12.3.rel1.win32_1.0.100.202403111256/tools/bin/../lib/gcc/arm-none-eabi/12.3.1/../../../../arm-none-eabi/lib/thumb/v7e-m+fp/hard\libc_nano.a(libc_a-abort.o)
                0x0800ae24                abort
 .text._calloc_r
                0x0800ae32       0x28 C:/ST/STM32CubeIDE_1.14.1/STM32CubeIDE/plugins/com.st.stm32cube.ide.mcu.externaltools.gnu-tools-for-stm32.12.3.rel1.win32_1.0.100.202403111256/tools/bin/../lib/gcc/arm-none-eabi/12.3.1/../../../../arm-none-eabi/lib/thumb/v7e-m+fp/hard\libc_nano.a(libc_a-callocr.o)
                0x0800ae32                _calloc_r
 .text.__ascii_mbtowc
                0x0800ae5a       0x24 C:/ST/STM32CubeIDE_1.14.1/STM32CubeIDE/plugins/com.st.stm32cube.ide.mcu.externaltools.gnu-tools-for-stm32.12.3.rel1.win32_1.0.100.202403111256/tools/bin/../lib/gcc/arm-none-eabi/12.3.1/../../../../arm-none-eabi/lib/thumb/v7e-m+fp/hard\libc_nano.a(libc_a-mbtowc_r.o)
                0x0800ae5a                __ascii_mbtowc
 .text._realloc_r
                0x0800ae7e       0x5c C:/ST/STM32CubeIDE_1.14.1/STM32CubeIDE/plugins/com.st.stm32cube.ide.mcu.externaltools.gnu-tools-for-stm32.12.3.rel1.win32_1.0.100.202403111256/tools/bin/../lib/gcc/arm-none-eabi/12.3.1/../../../../arm-none-eabi/lib/thumb/v7e-m+fp/hard\libc_nano.a(libc_a-reallocr.o)
                0x0800ae7e                _realloc_r
 .text.__ascii_wctomb
                0x0800aeda       0x1a C:/ST/STM32CubeIDE_1.14.1/STM32CubeIDE/plugins/com.st.stm32cube.ide.mcu.externaltools.gnu-tools-for-stm32.12.3.rel1.win32_1.0.100.202403111256/tools/bin/../lib/gcc/arm-none-eabi/12.3.1/../../../../arm-none-eabi/lib/thumb/v7e-m+fp/hard\libc_nano.a(libc_a-wctomb_r.o)
                0x0800aeda                __ascii_wctomb
 .text.__sfputc_r
                0x0800aef4       0x2e C:/ST/STM32CubeIDE_1.14.1/STM32CubeIDE/plugins/com.st.stm32cube.ide.mcu.externaltools.gnu-tools-for-stm32.12.3.rel1.win32_1.0.100.202403111256/tools/bin/../lib/gcc/arm-none-eabi/12.3.1/../../../../arm-none-eabi/lib/thumb/v7e-m+fp/hard\libc_nano.a(libc_a-nano-vfprintf.o)
 .text.__sfputs_r
                0x0800af22       0x24 C:/ST/STM32CubeIDE_1.14.1/STM32CubeIDE/plugins/com.st.stm32cube.ide.mcu.externaltools.gnu-tools-for-stm32.12.3.rel1.win32_1.0.100.202403111256/tools/bin/../lib/gcc/arm-none-eabi/12.3.1/../../../../arm-none-eabi/lib/thumb/v7e-m+fp/hard\libc_nano.a(libc_a-nano-vfprintf.o)
                0x0800af22                __sfputs_r
 *fill*         0x0800af46        0x2 
 .text._vfprintf_r
                0x0800af48      0x230 C:/ST/STM32CubeIDE_1.14.1/STM32CubeIDE/plugins/com.st.stm32cube.ide.mcu.externaltools.gnu-tools-for-stm32.12.3.rel1.win32_1.0.100.202403111256/tools/bin/../lib/gcc/arm-none-eabi/12.3.1/../../../../arm-none-eabi/lib/thumb/v7e-m+fp/hard\libc_nano.a(libc_a-nano-vfprintf.o)
                0x0800af48                _vfprintf_r
                0x0800af48                _vfiprintf_r
 .text.__swbuf_r
                0x0800b178       0x7c C:/ST/STM32CubeIDE_1.14.1/STM32CubeIDE/plugins/com.st.stm32cube.ide.mcu.externaltools.gnu-tools-for-stm32.12.3.rel1.win32_1.0.100.202403111256/tools/bin/../lib/gcc/arm-none-eabi/12.3.1/../../../../arm-none-eabi/lib/thumb/v7e-m+fp/hard\libc_nano.a(libc_a-wbuf.o)
                0x0800b178                __swbuf_r
 .text.__swsetup_r
                0x0800b1f4       0xac C:/ST/STM32CubeIDE_1.14.1/STM32CubeIDE/plugins/com.st.stm32cube.ide.mcu.externaltools.gnu-tools-for-stm32.12.3.rel1.win32_1.0.100.202403111256/tools/bin/../lib/gcc/arm-none-eabi/12.3.1/../../../../arm-none-eabi/lib/thumb/v7e-m+fp/hard\libc_nano.a(libc_a-wsetup.o)
                0x0800b1f4                __swsetup_r
 .text._raise_r
                0x0800b2a0       0x50 C:/ST/STM32CubeIDE_1.14.1/STM32CubeIDE/plugins/com.st.stm32cube.ide.mcu.externaltools.gnu-tools-for-stm32.12.3.rel1.win32_1.0.100.202403111256/tools/bin/../lib/gcc/arm-none-eabi/12.3.1/../../../../arm-none-eabi/lib/thumb/v7e-m+fp/hard\libc_nano.a(libc_a-signal.o)
                0x0800b2a0                _raise_r
 .text.raise    0x0800b2f0       0x10 C:/ST/STM32CubeIDE_1.14.1/STM32CubeIDE/plugins/com.st.stm32cube.ide.mcu.externaltools.gnu-tools-for-stm32.12.3.rel1.win32_1.0.100.202403111256/tools/bin/../lib/gcc/arm-none-eabi/12.3.1/../../../../arm-none-eabi/lib/thumb/v7e-m+fp/hard\libc_nano.a(libc_a-signal.o)
                0x0800b2f0                raise
 .text._kill_r  0x0800b300       0x24 C:/ST/STM32CubeIDE_1.14.1/STM32CubeIDE/plugins/com.st.stm32cube.ide.mcu.externaltools.gnu-tools-for-stm32.12.3.rel1.win32_1.0.100.202403111256/tools/bin/../lib/gcc/arm-none-eabi/12.3.1/../../../../arm-none-eabi/lib/thumb/v7e-m+fp/hard\libc_nano.a(libc_a-signalr.o)
                0x0800b300                _kill_r
 .text._getpid_r
                0x0800b324        0x4 C:/ST/STM32CubeIDE_1.14.1/STM32CubeIDE/plugins/com.st.stm32cube.ide.mcu.externaltools.gnu-tools-for-stm32.12.3.rel1.win32_1.0.100.202403111256/tools/bin/../lib/gcc/arm-none-eabi/12.3.1/../../../../arm-none-eabi/lib/thumb/v7e-m+fp/hard\libc_nano.a(libc_a-signalr.o)
                0x0800b324                _getpid_r
 .text._malloc_usable_size_r
                0x0800b328       0x10 C:/ST/STM32CubeIDE_1.14.1/STM32CubeIDE/plugins/com.st.stm32cube.ide.mcu.externaltools.gnu-tools-for-stm32.12.3.rel1.win32_1.0.100.202403111256/tools/bin/../lib/gcc/arm-none-eabi/12.3.1/../../../../arm-none-eabi/lib/thumb/v7e-m+fp/hard\libc_nano.a(libc_a-msizer.o)
                0x0800b328                _malloc_usable_size_r
 .text.__swhatbuf_r
                0x0800b338       0x4c C:/ST/STM32CubeIDE_1.14.1/STM32CubeIDE/plugins/com.st.stm32cube.ide.mcu.externaltools.gnu-tools-for-stm32.12.3.rel1.win32_1.0.100.202403111256/tools/bin/../lib/gcc/arm-none-eabi/12.3.1/../../../../arm-none-eabi/lib/thumb/v7e-m+fp/hard\libc_nano.a(libc_a-makebuf.o)
                0x0800b338                __swhatbuf_r
 .text.__smakebuf_r
                0x0800b384       0x78 C:/ST/STM32CubeIDE_1.14.1/STM32CubeIDE/plugins/com.st.stm32cube.ide.mcu.externaltools.gnu-tools-for-stm32.12.3.rel1.win32_1.0.100.202403111256/tools/bin/../lib/gcc/arm-none-eabi/12.3.1/../../../../arm-none-eabi/lib/thumb/v7e-m+fp/hard\libc_nano.a(libc_a-makebuf.o)
                0x0800b384                __smakebuf_r
 .text._fstat_r
                0x0800b3fc       0x24 C:/ST/STM32CubeIDE_1.14.1/STM32CubeIDE/plugins/com.st.stm32cube.ide.mcu.externaltools.gnu-tools-for-stm32.12.3.rel1.win32_1.0.100.202403111256/tools/bin/../lib/gcc/arm-none-eabi/12.3.1/../../../../arm-none-eabi/lib/thumb/v7e-m+fp/hard\libc_nano.a(libc_a-fstatr.o)
                0x0800b3fc                _fstat_r
 .text._isatty_r
                0x0800b420       0x20 C:/ST/STM32CubeIDE_1.14.1/STM32CubeIDE/plugins/com.st.stm32cube.ide.mcu.externaltools.gnu-tools-for-stm32.12.3.rel1.win32_1.0.100.202403111256/tools/bin/../lib/gcc/arm-none-eabi/12.3.1/../../../../arm-none-eabi/lib/thumb/v7e-m+fp/hard\libc_nano.a(libc_a-isattyr.o)
                0x0800b420                _isatty_r
 *(.glue_7)
 .glue_7        0x0800b440        0x0 linker stubs
 *(.glue_7t)
 .glue_7t       0x0800b440        0x0 linker stubs
 *(.eh_frame)
 .eh_frame      0x0800b440        0x0 C:/ST/STM32CubeIDE_1.14.1/STM32CubeIDE/plugins/com.st.stm32cube.ide.mcu.externaltools.gnu-tools-for-stm32.12.3.rel1.win32_1.0.100.202403111256/tools/bin/../lib/gcc/arm-none-eabi/12.3.1/thumb/v7e-m+fp/hard/crtbegin.o
 *(.init)
 .init          0x0800b440        0x4 C:/ST/STM32CubeIDE_1.14.1/STM32CubeIDE/plugins/com.st.stm32cube.ide.mcu.externaltools.gnu-tools-for-stm32.12.3.rel1.win32_1.0.100.202403111256/tools/bin/../lib/gcc/arm-none-eabi/12.3.1/thumb/v7e-m+fp/hard/crti.o
                0x0800b440                _init
 .init          0x0800b444        0x8 C:/ST/STM32CubeIDE_1.14.1/STM32CubeIDE/plugins/com.st.stm32cube.ide.mcu.externaltools.gnu-tools-for-stm32.12.3.rel1.win32_1.0.100.202403111256/tools/bin/../lib/gcc/arm-none-eabi/12.3.1/thumb/v7e-m+fp/hard/crtn.o
 *(.fini)
 .fini          0x0800b44c        0x4 C:/ST/STM32CubeIDE_1.14.1/STM32CubeIDE/plugins/com.st.stm32cube.ide.mcu.externaltools.gnu-tools-for-stm32.12.3.rel1.win32_1.0.100.202403111256/tools/bin/../lib/gcc/arm-none-eabi/12.3.1/thumb/v7e-m+fp/hard/crti.o
                0x0800b44c                _fini
 .fini          0x0800b450        0x8 C:/ST/STM32CubeIDE_1.14.1/STM32CubeIDE/plugins/com.st.stm32cube.ide.mcu.externaltools.gnu-tools-for-stm32.12.3.rel1.win32_1.0.100.202403111256/tools/bin/../lib/gcc/arm-none-eabi/12.3.1/thumb/v7e-m+fp/hard/crtn.o
                0x0800b458                        . = ALIGN (0x4)
                0x0800b458                        _etext = .

.vfp11_veneer   0x0800b458        0x0
 .vfp11_veneer  0x0800b458        0x0 linker stubs

.v4_bx          0x0800b458        0x0
 .v4_bx         0x0800b458        0x0 linker stubs

.iplt           0x0800b458        0x0
 .iplt          0x0800b458        0x0 C:/ST/STM32CubeIDE_1.14.1/STM32CubeIDE/plugins/com.st.stm32cube.ide.mcu.externaltools.gnu-tools-for-stm32.12.3.rel1.win32_1.0.100.202403111256/tools/bin/../lib/gcc/arm-none-eabi/12.3.1/thumb/v7e-m+fp/hard/crtbegin.o

.rodata         0x0800b458      0x60c
                0x0800b458                        . = ALIGN (0x4)
 *(.rodata)
 .rodata        0x0800b458       0x1f ./Application/app_main.o
 *fill*         0x0800b477        0x1 
 .rodata        0x0800b478       0xe4 ./Application/Modem/Modem.o
 .rodata        0x0800b55c       0x5d ./Application/System/System_sys.o
 *fill*         0x0800b5b9        0x3 
 .rodata        0x0800b5bc        0x5 ./Middlewares/Third_Party/FreeRTOS/Source/tasks.o
 *fill*         0x0800b5c1        0x3 
 .rodata        0x0800b5c4        0xd ./Middlewares/Third_Party/FreeRTOS/Source/timers.o
 *(.rodata*)
 *fill*         0x0800b5d1        0x3 
 .rodata._ZL8atcmd_AT
                0x0800b5d4        0x5 ./Application/Modem/Modem.o
 *fill*         0x0800b5d9        0x3 
 .rodata._ZL14atcmd_ATCRESET
                0x0800b5dc        0xc ./Application/Modem/Modem.o
 .rodata._ZL12atcmd_ATCREG
                0x0800b5e8        0xc ./Application/Modem/Modem.o
 .rodata._ZL12atcmd_ATCPMS
                0x0800b5f4       0x19 ./Application/Modem/Modem.o
 *fill*         0x0800b60d        0x3 
 .rodata._ZL12atcmd_ATCOPS
                0x0800b610        0xc ./Application/Modem/Modem.o
 .rodata._ZL12atcmd_ATCMGF
                0x0800b61c        0xc ./Application/Modem/Modem.o
 .rodata._ZL13atcmd_ATCGATT
                0x0800b628        0xd ./Application/Modem/Modem.o
 *fill*         0x0800b635        0x3 
 .rodata._ZL12atcmd_ATCCLK
                0x0800b638        0xb ./Application/Modem/Modem.o
 *fill*         0x0800b643        0x1 
 .rodata._ZL12atcmd_ATCPIN
                0x0800b644        0xb ./Application/Modem/Modem.o
 *fill*         0x0800b64f        0x1 
 .rodata._ZL13atcmd_GATCREG
                0x0800b650        0xb ./Application/Modem/Modem.o
 *fill*         0x0800b65b        0x1 
 .rodata._ZL11atcmd_ATCSQ
                0x0800b65c        0x9 ./Application/Modem/Modem.o
 *fill*         0x0800b665        0x3 
 .rodata._ZL11atcmd_AT_F0
                0x0800b668        0x9 ./Application/Modem/Modem.o
 *fill*         0x0800b671        0x3 
 .rodata._ZL10atcmd_ATE1
                0x0800b674        0x7 ./Application/Modem/Modem.o
 *fill*         0x0800b67b        0x1 
 .rodata.AHBPrescTable
                0x0800b67c       0x10 ./Core/Src/system_stm32f4xx.o
                0x0800b67c                AHBPrescTable
 .rodata.APBPrescTable
                0x0800b68c        0x8 ./Core/Src/system_stm32f4xx.o
                0x0800b68c                APBPrescTable
 .rodata._ctype_
                0x0800b694      0x101 C:/ST/STM32CubeIDE_1.14.1/STM32CubeIDE/plugins/com.st.stm32cube.ide.mcu.externaltools.gnu-tools-for-stm32.12.3.rel1.win32_1.0.100.202403111256/tools/bin/../lib/gcc/arm-none-eabi/12.3.1/../../../../arm-none-eabi/lib/thumb/v7e-m+fp/hard\libc_nano.a(libc_a-ctype_.o)
                0x0800b694                _ctype_
 .rodata._printf_float.str1.1
                0x0800b795       0x12 C:/ST/STM32CubeIDE_1.14.1/STM32CubeIDE/plugins/com.st.stm32cube.ide.mcu.externaltools.gnu-tools-for-stm32.12.3.rel1.win32_1.0.100.202403111256/tools/bin/../lib/gcc/arm-none-eabi/12.3.1/../../../../arm-none-eabi/lib/thumb/v7e-m+fp/hard\libc_nano.a(libc_a-nano-vfprintf_float.o)
 .rodata._printf_i.str1.1
                0x0800b7a7       0x22 C:/ST/STM32CubeIDE_1.14.1/STM32CubeIDE/plugins/com.st.stm32cube.ide.mcu.externaltools.gnu-tools-for-stm32.12.3.rel1.win32_1.0.100.202403111256/tools/bin/../lib/gcc/arm-none-eabi/12.3.1/../../../../arm-none-eabi/lib/thumb/v7e-m+fp/hard\libc_nano.a(libc_a-nano-vfprintf_i.o)
 .rodata.strtok.str1.1
                0x0800b7c9       0x71 C:/ST/STM32CubeIDE_1.14.1/STM32CubeIDE/plugins/com.st.stm32cube.ide.mcu.externaltools.gnu-tools-for-stm32.12.3.rel1.win32_1.0.100.202403111256/tools/bin/../lib/gcc/arm-none-eabi/12.3.1/../../../../arm-none-eabi/lib/thumb/v7e-m+fp/hard\libc_nano.a(libc_a-strtok.o)
 .rodata.__assert_func.str1.1
                0x0800b83a       0x3c C:/ST/STM32CubeIDE_1.14.1/STM32CubeIDE/plugins/com.st.stm32cube.ide.mcu.externaltools.gnu-tools-for-stm32.12.3.rel1.win32_1.0.100.202403111256/tools/bin/../lib/gcc/arm-none-eabi/12.3.1/../../../../arm-none-eabi/lib/thumb/v7e-m+fp/hard\libc_nano.a(libc_a-assert.o)
                                 0x3d (size before relaxing)
 .rodata._dtoa_r.str1.1
                0x0800b876       0x76 C:/ST/STM32CubeIDE_1.14.1/STM32CubeIDE/plugins/com.st.stm32cube.ide.mcu.externaltools.gnu-tools-for-stm32.12.3.rel1.win32_1.0.100.202403111256/tools/bin/../lib/gcc/arm-none-eabi/12.3.1/../../../../arm-none-eabi/lib/thumb/v7e-m+fp/hard\libc_nano.a(libc_a-dtoa.o)
                                 0x8f (size before relaxing)
 .rodata._Balloc.str1.1
                0x0800b8ec       0x59 C:/ST/STM32CubeIDE_1.14.1/STM32CubeIDE/plugins/com.st.stm32cube.ide.mcu.externaltools.gnu-tools-for-stm32.12.3.rel1.win32_1.0.100.202403111256/tools/bin/../lib/gcc/arm-none-eabi/12.3.1/../../../../arm-none-eabi/lib/thumb/v7e-m+fp/hard\libc_nano.a(libc_a-mprec.o)
                                 0x70 (size before relaxing)
 .rodata.__multadd.str1.1
                0x0800b945       0x11 C:/ST/STM32CubeIDE_1.14.1/STM32CubeIDE/plugins/com.st.stm32cube.ide.mcu.externaltools.gnu-tools-for-stm32.12.3.rel1.win32_1.0.100.202403111256/tools/bin/../lib/gcc/arm-none-eabi/12.3.1/../../../../arm-none-eabi/lib/thumb/v7e-m+fp/hard\libc_nano.a(libc_a-mprec.o)
 *fill*         0x0800b945        0x3 
 .rodata.p05.0  0x0800b948        0xc C:/ST/STM32CubeIDE_1.14.1/STM32CubeIDE/plugins/com.st.stm32cube.ide.mcu.externaltools.gnu-tools-for-stm32.12.3.rel1.win32_1.0.100.202403111256/tools/bin/../lib/gcc/arm-none-eabi/12.3.1/../../../../arm-none-eabi/lib/thumb/v7e-m+fp/hard\libc_nano.a(libc_a-mprec.o)
 *fill*         0x0800b954        0x4 
 .rodata.__mprec_bigtens
                0x0800b958       0x28 C:/ST/STM32CubeIDE_1.14.1/STM32CubeIDE/plugins/com.st.stm32cube.ide.mcu.externaltools.gnu-tools-for-stm32.12.3.rel1.win32_1.0.100.202403111256/tools/bin/../lib/gcc/arm-none-eabi/12.3.1/../../../../arm-none-eabi/lib/thumb/v7e-m+fp/hard\libc_nano.a(libc_a-mprec.o)
                0x0800b958                __mprec_bigtens
 .rodata.__mprec_tens
                0x0800b980       0xc8 C:/ST/STM32CubeIDE_1.14.1/STM32CubeIDE/plugins/com.st.stm32cube.ide.mcu.externaltools.gnu-tools-for-stm32.12.3.rel1.win32_1.0.100.202403111256/tools/bin/../lib/gcc/arm-none-eabi/12.3.1/../../../../arm-none-eabi/lib/thumb/v7e-m+fp/hard\libc_nano.a(libc_a-mprec.o)
                0x0800b980                __mprec_tens
 .rodata._svfprintf_r.str1.1
                0x0800ba48       0x11 C:/ST/STM32CubeIDE_1.14.1/STM32CubeIDE/plugins/com.st.stm32cube.ide.mcu.externaltools.gnu-tools-for-stm32.12.3.rel1.win32_1.0.100.202403111256/tools/bin/../lib/gcc/arm-none-eabi/12.3.1/../../../../arm-none-eabi/lib/thumb/v7e-m+fp/hard\libc_nano.a(libc_a-nano-svfprintf.o)
 .rodata._setlocale_r.str1.1
                0x0800ba59        0x8 C:/ST/STM32CubeIDE_1.14.1/STM32CubeIDE/plugins/com.st.stm32cube.ide.mcu.externaltools.gnu-tools-for-stm32.12.3.rel1.win32_1.0.100.202403111256/tools/bin/../lib/gcc/arm-none-eabi/12.3.1/../../../../arm-none-eabi/lib/thumb/v7e-m+fp/hard\libc_nano.a(libc_a-locale.o)
                                  0x9 (size before relaxing)
 .rodata.str1.1
                0x0800ba61        0x2 C:/ST/STM32CubeIDE_1.14.1/STM32CubeIDE/plugins/com.st.stm32cube.ide.mcu.externaltools.gnu-tools-for-stm32.12.3.rel1.win32_1.0.100.202403111256/tools/bin/../lib/gcc/arm-none-eabi/12.3.1/../../../../arm-none-eabi/lib/thumb/v7e-m+fp/hard\libc_nano.a(libc_a-locale.o)
 .rodata._vfprintf_r.str1.1